Component: Arm Compiler for Embedded 6.22 Tool: armlink [5ee90200]

==============================================================================

Section Cross References

    startup_stm32f103xb.o(STACK) refers (Special) to heapauxi.o(.text) for __use_two_region_memory
    startup_stm32f103xb.o(HEAP) refers (Special) to heapauxi.o(.text) for __use_two_region_memory
    startup_stm32f103xb.o(RESET) refers (Special) to heapauxi.o(.text) for __use_two_region_memory
    startup_stm32f103xb.o(RESET) refers to startup_stm32f103xb.o(STACK) for __initial_sp
    startup_stm32f103xb.o(RESET) refers to startup_stm32f103xb.o(.text) for Reset_Handler
    startup_stm32f103xb.o(RESET) refers to stm32f1xx_it.o(.text.NMI_Handler) for NMI_Handler
    startup_stm32f103xb.o(RESET) refers to stm32f1xx_it.o(.text.HardFault_Handler) for HardFault_Handler
    startup_stm32f103xb.o(RESET) refers to stm32f1xx_it.o(.text.MemManage_Handler) for MemManage_Handler
    startup_stm32f103xb.o(RESET) refers to stm32f1xx_it.o(.text.BusFault_Handler) for BusFault_Handler
    startup_stm32f103xb.o(RESET) refers to stm32f1xx_it.o(.text.UsageFault_Handler) for UsageFault_Handler
    startup_stm32f103xb.o(RESET) refers to port.o(.text.SVC_Handler) for SVC_Handler
    startup_stm32f103xb.o(RESET) refers to stm32f1xx_it.o(.text.DebugMon_Handler) for DebugMon_Handler
    startup_stm32f103xb.o(RESET) refers to port.o(.text.PendSV_Handler) for PendSV_Handler
    startup_stm32f103xb.o(RESET) refers to cmsis_os2.o(.text.SysTick_Handler) for SysTick_Handler
    startup_stm32f103xb.o(RESET) refers to stm32f1xx_it.o(.text.DMA1_Channel3_IRQHandler) for DMA1_Channel3_IRQHandler
    startup_stm32f103xb.o(RESET) refers to stm32f1xx_it.o(.text.TIM4_IRQHandler) for TIM4_IRQHandler
    startup_stm32f103xb.o(.text) refers (Special) to heapauxi.o(.text) for __use_two_region_memory
    startup_stm32f103xb.o(.text) refers to system_stm32f1xx.o(.text.SystemInit) for SystemInit
    startup_stm32f103xb.o(.text) refers to __main.o(!!!main) for __main
    startup_stm32f103xb.o(.text) refers to startup_stm32f103xb.o(HEAP) for Heap_Mem
    startup_stm32f103xb.o(.text) refers to startup_stm32f103xb.o(STACK) for Stack_Mem
    ui.o(.text.start_UITask) refers to cmsis_os2.o(.text.osKernelGetTickCount) for osKernelGetTickCount
    ui.o(.text.start_UITask) refers to oled.o(.text.OLED_update) for OLED_update
    ui.o(.text.start_UITask) refers to cmsis_os2.o(.text.osDelayUntil) for osDelayUntil
    ui.o(.ARM.exidx.text.start_UITask) refers to ui.o(.text.start_UITask) for [Anonymous Symbol]
    main.o(.text.main) refers to stm32f1xx_hal.o(.text.HAL_Init) for HAL_Init
    main.o(.text.main) refers to stm32f1xx_hal_rcc.o(.text.HAL_RCC_OscConfig) for HAL_RCC_OscConfig
    main.o(.text.main) refers to stm32f1xx_hal_rcc.o(.text.HAL_RCC_ClockConfig) for HAL_RCC_ClockConfig
    main.o(.text.main) refers to gpio.o(.text.MX_GPIO_Init) for MX_GPIO_Init
    main.o(.text.main) refers to dma.o(.text.MX_DMA_Init) for MX_DMA_Init
    main.o(.text.main) refers to spi.o(.text.MX_SPI1_Init) for MX_SPI1_Init
    main.o(.text.main) refers to tim.o(.text.MX_TIM1_Init) for MX_TIM1_Init
    main.o(.text.main) refers to tim.o(.text.MX_TIM3_Init) for MX_TIM3_Init
    main.o(.text.main) refers to oled.o(.text.OLED_Init) for OLED_Init
    main.o(.text.main) refers to oled.o(.text.OLED_Clear) for OLED_Clear
    main.o(.text.main) refers to cmsis_os2.o(.text.osKernelInitialize) for osKernelInitialize
    main.o(.text.main) refers to freertos.o(.text.MX_FREERTOS_Init) for MX_FREERTOS_Init
    main.o(.text.main) refers to cmsis_os2.o(.text.osKernelStart) for osKernelStart
    main.o(.ARM.exidx.text.main) refers to main.o(.text.main) for [Anonymous Symbol]
    main.o(.text.SystemClock_Config) refers to stm32f1xx_hal_rcc.o(.text.HAL_RCC_OscConfig) for HAL_RCC_OscConfig
    main.o(.text.SystemClock_Config) refers to stm32f1xx_hal_rcc.o(.text.HAL_RCC_ClockConfig) for HAL_RCC_ClockConfig
    main.o(.ARM.exidx.text.SystemClock_Config) refers to main.o(.text.SystemClock_Config) for [Anonymous Symbol]
    main.o(.ARM.exidx.text.Error_Handler) refers to main.o(.text.Error_Handler) for [Anonymous Symbol]
    main.o(.text.HAL_TIM_PeriodElapsedCallback) refers to stm32f1xx_hal.o(.text.HAL_IncTick) for HAL_IncTick
    main.o(.ARM.exidx.text.HAL_TIM_PeriodElapsedCallback) refers to main.o(.text.HAL_TIM_PeriodElapsedCallback) for [Anonymous Symbol]
    gpio.o(.text.MX_GPIO_Init) refers to stm32f1xx_hal_gpio.o(.text.HAL_GPIO_WritePin) for HAL_GPIO_WritePin
    gpio.o(.text.MX_GPIO_Init) refers to stm32f1xx_hal_gpio.o(.text.HAL_GPIO_Init) for HAL_GPIO_Init
    gpio.o(.ARM.exidx.text.MX_GPIO_Init) refers to gpio.o(.text.MX_GPIO_Init) for [Anonymous Symbol]
    freertos.o(.text.MX_FREERTOS_Init) refers to freertos.o(.text.StartDefaultTask) for StartDefaultTask
    freertos.o(.text.MX_FREERTOS_Init) refers to freertos.o(.rodata.defaultTask_attributes) for defaultTask_attributes
[...]
    .text                                    0x080001b4   Section       64  startup_stm32f103xb.o(.text)
    .text                                    0x080001f4   Section      138  rt_memcpy_v6.o(.text)
    .text                                    0x0800027e   Section       16  aeabi_memset4.o(.text)
    .text                                    0x0800028e   Section       78  rt_memclr_w.o(.text)
    .text                                    0x080002dc   Section        0  heapauxi.o(.text)
    .text                                    0x080002e2   Section      100  rt_memcpy_w.o(.text)
    .text                                    0x08000346   Section       74  sys_stackheap_outer.o(.text)
    .text                                    0x08000390   Section        0  exit.o(.text)
    .text                                    0x080003a4   Section        8  libspace.o(.text)
    .text                                    0x080003ac   Section        0  sys_exit.o(.text)
    .text                                    0x080003b8   Section        2  use_no_semi.o(.text)
    .text                                    0x080003ba   Section        0  indicate_semi.o(.text)
    [Anonymous Symbol]                       0x080003bc   Section        0  stm32f1xx_it.o(.text.BusFault_Handler)
    [Anonymous Symbol]                       0x080003c0   Section        0  stm32f1xx_it.o(.text.DMA1_Channel3_IRQHandler)
    [Anonymous Symbol]                       0x080003cc   Section        0  stm32f1xx_it.o(.text.DebugMon_Handler)
    [Anonymous Symbol]                       0x080003d0   Section        0  main.o(.text.Error_Handler)
    [Anonymous Symbol]                       0x080003dc   Section        0  stm32f1xx_hal_dma.o(.text.HAL_DMA_IRQHandler)
    [Anonymous Symbol]                       0x0800057c   Section        0  stm32f1xx_hal_dma.o(.text.HAL_DMA_Init)
    [Anonymous Symbol]                       0x08000600   Section        0  stm32f1xx_hal_dma.o(.text.HAL_DMA_Start_IT)
    [Anonymous Symbol]                       0x080006a0   Section        0  stm32f1xx_hal.o(.text.HAL_Delay)
    [Anonymous Symbol]                       0x080006c8   Section        0  stm32f1xx_hal_gpio.o(.text.HAL_GPIO_Init)
    [Anonymous Symbol]                       0x080008d8   Section        0  stm32f1xx_hal_gpio.o(.text.HAL_GPIO_WritePin)
    [Anonymous Symbol]                       0x080008e4   Section        0  stm32f1xx_hal.o(.text.HAL_GetTick)
    [Anonymous Symbol]                       0x080008f0   Section        0  stm32f1xx_hal.o(.text.HAL_IncTick)
    [Anonymous Symbol]                       0x0800090c   Section        0  stm32f1xx_hal.o(.text.HAL_Init)
    [Anonymous Symbol]                       0x08000934   Section        0  stm32f1xx_hal_timebase_tim.o(.text.HAL_InitTick)
    [Anonymous Symbol]                       0x080009e8   Section        0  stm32f1xx_hal_msp.o(.text.HAL_MspInit)
    [Anonymous Symbol]                       0x08000a38   Section        0  stm32f1xx_hal_cortex.o(.text.HAL_NVIC_EnableIRQ)
    [Anonymous Symbol]                       0x08000a5c   Section        0  stm32f1xx_hal_cortex.o(.text.HAL_NVIC_SetPriority)
    [Anonymous Symbol]                       0x08000ab4   Section        0  stm32f1xx_hal_cortex.o(.text.HAL_NVIC_SetPriorityGrouping)
    [Anonymous Symbol]                       0x08000ad4   Section        0  stm32f1xx_hal_rcc.o(.text.HAL_RCC_ClockConfig)
    [Anonymous Symbol]                       0x08000c90   Section        0  stm32f1xx_hal_rcc.o(.text.HAL_RCC_GetClockConfig)
    [Anonymous Symbol]                       0x08000cd4   Section        0  stm32f1xx_hal_rcc.o(.text.HAL_RCC_GetPCLK1Freq)
    [Anonymous Symbol]                       0x08000cfc   Section        0  stm32f1xx_hal_rcc.o(.text.HAL_RCC_OscConfig)
    [Anonymous Symbol]                       0x080010fc   Section        0  stm32f1xx_hal_spi.o(.text.HAL_SPI_ErrorCallback)
    [Anonymous Symbol]                       0x08001100   Section        0  stm32f1xx_hal_spi.o(.text.HAL_SPI_Init)
    [Anonymous Symbol]                       0x080011a8   Section        0  spi.o(.text.HAL_SPI_MspInit)
    [Anonymous Symbol]                       0x0800125c   Section        0  stm32f1xx_hal_spi.o(.text.HAL_SPI_Transmit)
    [Anonymous Symbol]                       0x08001458   Section        0  stm32f1xx_hal_spi.o(.text.HAL_SPI_Transmit_DMA)
    [Anonymous Symbol]                       0x08001538   Section        0  stm32f1xx_it.o(.text.HAL_SPI_TxCpltCallback)
    [Anonymous Symbol]                       0x0800154c   Section        0  stm32f1xx_hal_spi.o(.text.HAL_SPI_TxHalfCpltCallback)
    [Anonymous Symbol]                       0x08001550   Section        0  stm32f1xx_hal_tim_ex.o(.text.HAL_TIMEx_BreakCallback)
    [Anonymous Symbol]                       0x08001554   Section        0  stm32f1xx_hal_tim_ex.o(.text.HAL_TIMEx_CommutCallback)
    [Anonymous Symbol]                       0x08001558   Section        0  stm32f1xx_hal_tim_ex.o(.text.HAL_TIMEx_ConfigBreakDeadTime)
    [Anonymous Symbol]                       0x080015a4   Section        0  stm32f1xx_hal_tim_ex.o(.text.HAL_TIMEx_MasterConfigSynchronization)
    [Anonymous Symbol]                       0x08001624   Section        0  stm32f1xx_hal_tim.o(.text.HAL_TIM_Base_Init)
    [Anonymous Symbol]                       0x08001720   Section        0  tim.o(.text.HAL_TIM_Base_MspInit)
    [Anonymous Symbol]                       0x08001750   Section        0  stm32f1xx_hal_tim.o(.text.HAL_TIM_Base_Start_IT)
    [Anonymous Symbol]                       0x080017c0   Section        0  stm32f1xx_hal_tim.o(.text.HAL_TIM_ConfigClockSource)
    [Anonymous Symbol]                       0x08001960   Section        0  stm32f1xx_hal_tim.o(.text.HAL_TIM_Encoder_Init)
    [Anonymous Symbol]                       0x08001abc   Section        0  tim.o(.text.HAL_TIM_Encoder_MspInit)
    [Anonymous Symbol]                       0x08001b20   Section        0  stm32f1xx_hal_tim.o(.text.HAL_TIM_IC_CaptureCallback)
    [Anonymous Symbol]                       0x08001b24   Section        0  stm32f1xx_hal_tim.o(.text.HAL_TIM_IRQHandler)
    [Anonymous Symbol]                       0x08001c74   Section        0  stm32f1xx_hal_tim.o(.text.HAL_TIM_OC_DelayElapsedCallback)
    [Anonymous Symbol]                       0x08001c78   Section        0  stm32f1xx_hal_tim.o(.text.HAL_TIM_PWM_ConfigChannel)
    [Anonymous Symbol]                       0x08001e7c   Section        0  stm32f1xx_hal_tim.o(.text.HAL_TIM_PWM_Init)
    [Anonymous Symbol]                       0x08001f78   Section        0  stm32f1xx_hal_tim.o(.text.HAL_TIM_PWM_MspInit)
    [Anonymous Symbol]                       0x08001f7c   Section        0  stm32f1xx_hal_tim.o(.text.HAL_TIM_PWM_PulseFinishedCallback)
    [Anonymous Symbol]                       0x08001f80   Section        0  main.o(.text.HAL_TIM_PeriodElapsedCallback)
    [Anonymous Symbol]                       0x08001f94   Section        0  stm32f1xx_hal_tim.o(.text.HAL_TIM_TriggerCallback)
    [Anonymous Symbol]                       0x08001f98   Section        0  stm32f1xx_it.o(.text.HardFault_Handler)
    [Anonymous Symbol]                       0x08001f9c   Section        0  dma.o(.text.MX_DMA_Init)
    [Anonymous Symbol]                       0x08001fd0   Section        0  freertos.o(.text.MX_FREERTOS_Init)
    [Anonymous Symbol]                       0x0800200c   Section        0  gpio.o(.text.MX_GPIO_Init)
    [Anonymous Symbol]                       0x080020d8   Section        0  spi.o(.text.MX_SPI1_Init)
    [Anonymous Symbol]                       0x08002124   Section        0  tim.o(.text.MX_TIM1_Init)
    [Anonymous Symbol]                       0x0800226c   Section        0  tim.o(.text.MX_TIM3_Init)
    [Anonymous Symbol]                       0x080022d4   Section        0  stm32f1xx_it.o(.text.MemManage_Handler)
    [Anonymous Symbol]                       0x080022d8   Section        0  stm32f1xx_it.o(.text.NMI_Handler)
    [Anonymous Symbol]                       0x080022dc   Section        0  oled.o(.text.OLED_Clear)
    [Anonymous Symbol]                       0x080022f0   Section        0  oled.o(.text.OLED_Init)
    [Anonymous Symbol]                       0x08002934   Section        0  oled.o(.text.OLED_ShowImage)
    [Anonymous Symbol]                       0x08002e18   Section        0  oled.o(.text.OLED_ShowString)
    [Anonymous Symbol]                       0x08002e90   Section        0  oled.o(.text.OLED_update)
    [Anonymous Symbol]                       0x08002fa0   Section        0  port.o(.text.PendSV_Handler)
    pxCurrentTCBConst                        0x08002fe0   Number         0  port.o(.text.PendSV_Handler)
    SPI_DMAError                             0x08002fe5   Thumb Code    30  stm32f1xx_hal_spi.o(.text.SPI_DMAError)
    [Anonymous Symbol]                       0x08002fe4   Section        0  stm32f1xx_hal_spi.o(.text.SPI_DMAError)
    SPI_DMAHalfTransmitCplt                  0x08003005   Thumb Code     6  stm32f1xx_hal_spi.o(.text.SPI_DMAHalfTransmitCplt)
    [Anonymous Symbol]                       0x08003004   Section        0  stm32f1xx_hal_spi.o(.text.SPI_DMAHalfTransmitCplt)
    SPI_DMATransmitCplt                      0x0800300d   Thumb Code   148  stm32f1xx_hal_spi.o(.text.SPI_DMATransmitCplt)
    [Anonymous Symbol]                       0x0800300c   Section        0  stm32f1xx_hal_spi.o(.text.SPI_DMATransmitCplt)
    SPI_WaitFlagStateUntilTimeout            0x080030a1   Thumb Code   288  stm32f1xx_hal_spi.o(.text.SPI_WaitFlagStateUntilTimeout)
    [Anonymous Symbol]                       0x080030a0   Section        0  stm32f1xx_hal_spi.o(.text.SPI_WaitFlagStateUntilTimeout)
    [Anonymous Symbol]                       0x080031c0   Section        0  port.o(.text.SVC_Handler)
    pxCurrentTCBConst2                       0x080031e0   Number         0  port.o(.text.SVC_Handler)
    [Anonymous Symbol]                       0x080031e4   Section        0  freertos.o(.text.StartDefaultTask)
    [Anonymous Symbol]                       0x08003204   Section        0  cmsis_os2.o(.text.SysTick_Handler)
    [Anonymous Symbol]                       0x08003224   Section        0  system_stm32f1xx.o(.text.SystemInit)
    [Anonymous Symbol]                       0x08003228   Section        0  stm32f1xx_it.o(.text.TIM4_IRQHandler)
    [Anonymous Symbol]                       0x08003234   Section        0  stm32f1xx_it.o(.text.UsageFault_Handler)
    [Anonymous Symbol]                       0x08003238   Section        0  main.o(.text.main)
    [Anonymous Symbol]                       0x080032c4   Section        0  cmsis_os2.o(.text.osDelay)
    [Anonymous Symbol]                       0x080032e4   Section        0  cmsis_os2.o(.text.osDelayUntil)
    [Anonymous Symbol]                       0x08003318   Section        0  cmsis_os2.o(.text.osKernelGetTickCount)
    [Anonymous Symbol]                       0x08003328   Section        0  cmsis_os2.o(.text.osKernelInitialize)
    [Anonymous Symbol]                       0x08003350   Section        0  cmsis_os2.o(.text.osKernelStart)
    [Anonymous Symbol]                       0x0800338c   Section        0  cmsis_os2.o(.text.osThreadNew)
    prvAddNewTaskToReadyList                 0x08003421   Thumb Code   650  tasks.o(.text.prvAddNewTaskToReadyList)
    [Anonymous Symbol]                       0x08003420   Section        0  tasks.o(.text.prvAddNewTaskToReadyList)
    prvIdleTask                              0x080036ad   Thumb Code   134  tasks.o(.text.prvIdleTask)
    [Anonymous Symbol]                       0x080036ac   Section        0  tasks.o(.text.prvIdleTask)
    prvInitialiseNewTask                     0x08003735   Thumb Code   260  tasks.o(.text.prvInitialiseNewTask)
    [Anonymous Symbol]                       0x08003734   Section        0  tasks.o(.text.prvInitialiseNewTask)
    prvPortStartFirstTask                    0x08003839   Thumb Code    26  port.o(.text.prvPortStartFirstTask)
    [Anonymous Symbol]                       0x08003838   Section        0  port.o(.text.prvPortStartFirstTask)
    prvTaskExitError                         0x08003859   Thumb Code    62  port.o(.text.prvTaskExitError)
    [Anonymous Symbol]                       0x08003858   Section        0  port.o(.text.prvTaskExitError)
    prvTimerTask                             0x08003899   Thumb Code   890  timers.o(.text.prvTimerTask)
    [Anonymous Symbol]                       0x08003898   Section        0  timers.o(.text.prvTimerTask)
    prvUnlockQueue                           0x08003c15   Thumb Code   116  queue.o(.text.prvUnlockQueue)
    [Anonymous Symbol]                       0x08003c14   Section        0  queue.o(.text.prvUnlockQueue)
    [Anonymous Symbol]                       0x08003c88   Section        0  heap_4.o(.text.pvPortMalloc)
    [Anonymous Symbol]                       0x08003e78   Section        0  port.o(.text.pxPortInitialiseStack)
    [Anonymous Symbol]                       0x08003e98   Section        0  ui.o(.text.start_UITask)
    [Anonymous Symbol]                       0x08003eac   Section        0  list.o(.text.uxListRemove)
    [Anonymous Symbol]                       0x08003ed0   Section        0  cmsis_os2.o(.text.vApplicationGetIdleTaskMemory)
    [Anonymous Symbol]                       0x08003eec   Section        0  cmsis_os2.o(.text.vApplicationGetTimerTaskMemory)
    [Anonymous Symbol]                       0x08003f08   Section        0  list.o(.text.vListInitialise)
    [Anonymous Symbol]                       0x08003f20   Section        0  list.o(.text.vListInitialiseItem)
    [Anonymous Symbol]                       0x08003f28   Section        0  list.o(.text.vListInsert)
    [Anonymous Symbol]                       0x08003f8c   Section        0  list.o(.text.vListInsertEnd)
    [Anonymous Symbol]                       0x08003fa8   Section        0  port.o(.text.vPortEnterCritical)
    [Anonymous Symbol]                       0x08003ff0   Section        0  port.o(.text.vPortExitCritical)
    [Anonymous Symbol]                       0x08004020   Section        0  heap_4.o(.text.vPortFree)
    [Anonymous Symbol]                       0x080040f4   Section        0  port.o(.text.vPortSetupTimerInterrupt)
    [Anonymous Symbol]                       0x08004128   Section        0  port.o(.text.vPortValidateInterruptPriority)
    [Anonymous Symbol]                       0x08004188   Section        0  queue.o(.text.vQueueAddToRegistry)
    [Anonymous Symbol]                       0x080041e0   Section        0  queue.o(.text.vQueueWaitForMessageRestricted)
    [Anonymous Symbol]                       0x08004234   Section        0  tasks.o(.text.vTaskDelay)
    [Anonymous Symbol]                       0x080042b4   Section        0  tasks.o(.text.vTaskDelayUntil)
    [Anonymous Symbol]                       0x08004380   Section        0  tasks.o(.text.vTaskInternalSetTimeOutState)
    [Anonymous Symbol]                       0x08004394   Section        0  tasks.o(.text.vTaskMissedYield)
    [Anonymous Symbol]                       0x080043a4   Section        0  tasks.o(.text.vTaskPlaceOnEventList)
    [Anonymous Symbol]                       0x08004418   Section        0  tasks.o(.text.vTaskPlaceOnEventListRestricted)
    [Anonymous Symbol]                       0x08004494   Section        0  tasks.o(.text.vTaskStartScheduler)
    [Anonymous Symbol]                       0x08004584   Section        0  tasks.o(.text.vTaskSuspendAll)
    [Anonymous Symbol]                       0x08004594   Section        0  tasks.o(.text.vTaskSwitchContext)
    [Anonymous Symbol]                       0x08004660   Section        0  port.o(.text.xPortStartScheduler)
    [Anonymous Symbol]                       0x08004790   Section        0  port.o(.text.xPortSysTickHandler)
    [Anonymous Symbol]                       0x080047c0   Section        0  queue.o(.text.xQueueGenericCreateStatic)
    [Anonymous Symbol]                       0x0800489c   Section        0  queue.o(.text.xQueueGenericSend)
    [Anonymous Symbol]                       0x08004b5c   Section        0  queue.o(.text.xQueueReceive)
    [Anonymous Symbol]                       0x08004d9c   Section        0  tasks.o(.text.xTaskCheckForTimeOut)
    [Anonymous Symbol]                       0x08004e38   Section        0  tasks.o(.text.xTaskCreate)
    [Anonymous Symbol]                       0x08004e98   Section        0  tasks.o(.text.xTaskCreateStatic)
    [Anonymous Symbol]                       0x08004f10   Section        0  tasks.o(.text.xTaskGetSchedulerState)
    [Anonymous Symbol]                       0x08004f30   Section        0  tasks.o(.text.xTaskGetTickCount)
    [Anonymous Symbol]                       0x08004f3c   Section        0  tasks.o(.text.xTaskGetTickCountFromISR)
    [Anonymous Symbol]                       0x08004f50   Section        0  tasks.o(.text.xTaskIncrementTick)
    [Anonymous Symbol]                       0x08005054   Section        0  tasks.o(.text.xTaskPriorityDisinherit)
    [Anonymous Symbol]                       0x080050e4   Section        0  tasks.o(.text.xTaskRemoveFromEventList)
    [Anonymous Symbol]                       0x08005158   Section        0  tasks.o(.text.xTaskResumeAll)
    [Anonymous Symbol]                       0x08005248   Section        0  timers.o(.text.xTimerCreateTimerTask)
    HAL_RCC_GetSysClockFreq.aPredivFactorTable 0x08005314   Data           2  stm32f1xx_hal_rcc.o(.rodata.HAL_RCC_GetSysClockFreq.aPredivFactorTable)
    [Anonymous Symbol]                       0x08005314   Section        0  stm32f1xx_hal_rcc.o(.rodata.HAL_RCC_GetSysClockFreq.aPredivFactorTable)
    HAL_RCC_GetSysClockFreq.aPLLMULFactorTable 0x0800592c   Data          16  stm32f1xx_hal_rcc.o(.rodata.cst16)
    [Anonymous Symbol]                       0x0800592c   Section        0  stm32f1xx_hal_rcc.o(.rodata.cst16)
    [Anonymous Symbol]                       0x08005960   Section        0  freertos.o(.rodata.str1.1)
    .L.str.1                                 0x08005974   Data           5  timers.o(.rodata.str1.1)
    [Anonymous Symbol]                       0x08005974   Section        0  timers.o(.rodata.str1.1)
    .L_MergedGlobals                         0x20000000   Data           8  stm32f1xx_hal.o(.data..L_MergedGlobals)
    [Anonymous Symbol]                       0x20000000   Section        0  stm32f1xx_hal.o(.data..L_MergedGlobals)
    uxCriticalNesting                        0x2000000c   Data           4  port.o(.data.uxCriticalNesting)
    [Anonymous Symbol]                       0x2000000c   Section        0  port.o(.data.uxCriticalNesting)
    .bss                                     0x20000010   Section       96  libspace.o(.bss)
    .L_MergedGlobals                         0x20000070   Data           8  freertos.o(.bss..L_MergedGlobals)
    [Anonymous Symbol]                       0x20000070   Section        0  freertos.o(.bss..L_MergedGlobals)
    .L_MergedGlobals                         0x20000078   Data         120  tasks.o(.bss..L_MergedGlobals)
    [Anonymous Symbol]                       0x20000078   Section        0  tasks.o(.bss..L_MergedGlobals)
    uxTaskNumber                             0x2000007c   Data           4  tasks.o(.bss..L_MergedGlobals)
    uxDeletedTasksWaitingCleanUp             0x20000080   Data           4  tasks.o(.bss..L_MergedGlobals)
    uxCurrentNumberOfTasks                   0x20000084   Data           4  tasks.o(.bss..L_MergedGlobals)
    xSchedulerRunning                        0x20000088   Data           4  tasks.o(.bss..L_MergedGlobals)
    uxSchedulerSuspended                     0x2000008c   Data           4  tasks.o(.bss..L_MergedGlobals)
    xTickCount                               0x20000090   Data           4  tasks.o(.bss..L_MergedGlobals)
    pxDelayedTaskList                        0x20000094   Data           4  tasks.o(.bss..L_MergedGlobals)
    pxOverflowDelayedTaskList                0x20000098   Data           4  tasks.o(.bss..L_MergedGlobals)
    uxTopReadyPriority                       0x2000009c   Data           4  tasks.o(.bss..L_MergedGlobals)
    xIdleTaskHandle                          0x200000a0   Data           4  tasks.o(.bss..L_MergedGlobals)
    xNextTaskUnblockTime                     0x200000a4   Data           4  tasks.o(.bss..L_MergedGlobals)
    xYieldPending                            0x200000a8   Data           4  tasks.o(.bss..L_MergedGlobals)
    xPendedTicks                             0x200000ac   Data           4  tasks.o(.bss..L_MergedGlobals)
    xNumOfOverflows                          0x200000b0   Data           4  tasks.o(.bss..L_MergedGlobals)
    xTasksWaitingTermination                 0x200000b4   Data          20  tasks.o(.bss..L_MergedGlobals)
    xSuspendedTaskList                       0x200000c8   Data          20  tasks.o(.bss..L_MergedGlobals)
    xPendingReadyList                        0x200000dc   Data          20  tasks.o(.bss..L_MergedGlobals)
    .L_MergedGlobals                         0x200000f0   Data          60  timers.o(.bss..L_MergedGlobals)
    xTimerQueue                              0x200000f0   Data           4  timers.o(.bss..L_MergedGlobals)
    [Anonymous Symbol]                       0x200000f0   Section        0  timers.o(.bss..L_MergedGlobals)
    xTimerTaskHandle                         0x200000f4   Data           4  timers.o(.bss..L_MergedGlobals)
    pxCurrentTimerList                       0x200000f8   Data           4  timers.o(.bss..L_MergedGlobals)
    pxOverflowTimerList                      0x200000fc   Data           4  timers.o(.bss..L_MergedGlobals)
    prvSampleTimeNow.xLastTime               0x20000100   Data           4  timers.o(.bss..L_MergedGlobals)
    xActiveTimerList1                        0x20000104   Data          20  timers.o(.bss..L_MergedGlobals)
    xActiveTimerList2                        0x20000118   Data          20  timers.o(.bss..L_MergedGlobals)
    .L_MergedGlobals                         0x2000012c   Data          32  heap_4.o(.bss..L_MergedGlobals)
    xBlockAllocatedBit                       0x2000012c   Data           1  heap_4.o(.bss..L_MergedGlobals)
    [Anonymous Symbol]                       0x2000012c   Section        0  heap_4.o(.bss..L_MergedGlobals)
    pxEnd                                    0x20000130   Data           4  heap_4.o(.bss..L_MergedGlobals)
    xFreeBytesRemaining                      0x20000134   Data           4  heap_4.o(.bss..L_MergedGlobals)
    xMinimumEverFreeBytesRemaining           0x20000138   Data           4  heap_4.o(.bss..L_MergedGlobals)
    xNumberOfSuccessfulAllocations           0x2000013c   Data           4  heap_4.o(.bss..L_MergedGlobals)
    xNumberOfSuccessfulFrees                 0x20000140   Data           4  heap_4.o(.bss..L_MergedGlobals)
    xStart                                   0x20000144   Data           8  heap_4.o(.bss..L_MergedGlobals)
    .L_MergedGlobals                         0x2000014c   Data           8  port.o(.bss..L_MergedGlobals)
    ucMaxSysCallPriority                     0x2000014c   Data           1  port.o(.bss..L_MergedGlobals)
    [Anonymous Symbol]                       0x2000014c   Section        0  port.o(.bss..L_MergedGlobals)
    ulMaxPRIGROUPValue                       0x20000150   Data           4  port.o(.bss..L_MergedGlobals)
    .L_MergedGlobals.2                       0x20000154   Data          40  tasks.o(.bss..L_MergedGlobals.2)
    xDelayedTaskList1                        0x20000154   Data          20  tasks.o(.bss..L_MergedGlobals.2)
    [Anonymous Symbol]                       0x20000154   Section        0  tasks.o(.bss..L_MergedGlobals.2)
    xDelayedTaskList2                        0x20000168   Data          20  tasks.o(.bss..L_MergedGlobals.2)
    KernelState                              0x2000057c   Data           4  cmsis_os2.o(.bss.KernelState)
    [Anonymous Symbol]                       0x2000057c   Section        0  cmsis_os2.o(.bss.KernelState)
    OLED_update.page                         0x20000580   Data           1  oled.o(.bss.OLED_update.page)
    [Anonymous Symbol]                       0x20000580   Section        0  oled.o(.bss.OLED_update.page)
    prvCheckForValidListAndQueue.ucStaticTimerQueueStorage 0x200006f8   Data         160  timers.o(.bss.prvCheckForValidListAndQueue.ucStaticTimerQueueStorage)
    [Anonymous Symbol]                       0x200006f8   Section        0  timers.o(.bss.prvCheckForValidListAndQueue.ucStaticTimerQueueStorage)
    prvCheckForValidListAndQueue.xStaticTimerQueue 0x20000798   Data          80  timers.o(.bss.prvCheckForValidListAndQueue.xStaticTimerQueue)
    [Anonymous Symbol]                       0x20000798   Section        0  timers.o(.bss.prvCheckForValidListAndQueue.xStaticTimerQueue)
    pxReadyTasksLists                        0x200007e8   Data        1120  tasks.o(.bss.pxReadyTasksLists)
    [Anonymous Symbol]                       0x200007e8   Section        0  tasks.o(.bss.pxReadyTasksLists)
    ucHeap                                   0x20000c48   Data        3072  heap_4.o(.bss.ucHeap)
    [Anonymous Symbol]                       0x20000c48   Section        0  heap_4.o(.bss.ucHeap)
    vApplicationGetIdleTaskMemory.Idle_Stack 0x2000184c   Data         512  cmsis_os2.o(.bss.vApplicationGetIdleTaskMemory.Idle_Stack)
    [Anonymous Symbol]                       0x2000184c   Section        0  cmsis_os2.o(.bss.vApplicationGetIdleTaskMemory.Idle_Stack)
    vApplicationGetIdleTaskMemory.Idle_TCB   0x20001a4c   Data          92  cmsis_os2.o(.bss.vApplicationGetIdleTaskMemory.Idle_TCB)
    [Anonymous Symbol]                       0x20001a4c   Section        0  cmsis_os2.o(.bss.vApplicationGetIdleTaskMemory.Idle_TCB)
    vApplicationGetTimerTaskMemory.Timer_Stack 0x20001aa8   Data        1024  cmsis_os2.o(.bss.vApplicationGetTimerTaskMemory.Timer_Stack)
    [Anonymous Symbol]                       0x20001aa8   Section        0  cmsis_os2.o(.bss.vApplicationGetTimerTaskMemory.Timer_Stack)
    vApplicationGetTimerTaskMemory.Timer_TCB 0x20001ea8   Data          92  cmsis_os2.o(.bss.vApplicationGetTimerTaskMemory.Timer_TCB)
    [Anonymous Symbol]                       0x20001ea8   Section        0  cmsis_os2.o(.bss.vApplicationGetTimerTaskMemory.Timer_TCB)
    Heap_Mem                                 0x20001f48   Data         512  startup_stm32f103xb.o(HEAP)
    HEAP                                     0x20001f48   Section      512  startup_stm32f103xb.o(HEAP)
    Stack_Mem                                0x20002148   Data        1024  startup_stm32f103xb.o(STACK)
    STACK                                    0x20002148   Section     1024  startup_stm32f103xb.o(STACK)
    __initial_sp                             0x20002548   Data           0  startup_stm32f103xb.o(STACK)

    Global Symbols

    Symbol Name                              Value     Ov Type        Size  Object(Section)

    BuildAttributes$$THM_ISAv4$P$D$K$B$S$PE$A:L22UL41UL21$X:L11$S22US41US21$IEEE1$IW$~IW$USESV6$~STKCKD$USESV7$~SHL$OTIME$ROPI$EBA8$UX$STANDARDLIB$REQ8$PRES8$EABIv2 0x00000000   Number         0  anon$$obj.o ABSOLUTE
    __fp_init_empty                          0x00000000   Number         0  fpinit_empty.o ABSOLUTE
    __ARM_exceptions_init                     - Undefined Weak Reference
    __alloca_initialize                       - Undefined Weak Reference
    __arm_preinit_                            - Undefined Weak Reference
    __arm_relocate_pie_                       - Undefined Weak Reference
    __cpp_initialize__aeabi_                  - Undefined Weak Reference
    __cxa_finalize                            - Undefined Weak Reference
    __rt_locale                               - Undefined Weak Reference
    __sigvec_lookup                           - Undefined Weak Reference
    _atexit_init                              - Undefined Weak Reference
    _call_atexit_fns                          - Undefined Weak Reference
    _clock_init                               - Undefined Weak Reference
    _fp_trap_init                             - Undefined Weak Reference
    _fp_trap_shutdown                         - Undefined Weak Reference
    _get_lc_collate                           - Undefined Weak Reference
    _get_lc_ctype                             - Undefined Weak Reference
    _get_lc_monetary                          - Undefined Weak Reference
    _get_lc_numeric                           - Undefined Weak Reference
    _get_lc_time                              - Undefined Weak Reference
    _getenv_init                              - Undefined Weak Reference
    _handle_redirection                       - Undefined Weak Reference
    _init_alloc                               - Undefined Weak Reference
    _init_user_alloc                          - Undefined Weak Reference
    _initio                                   - Undefined Weak Reference
    _rand_init                                - Undefined Weak Reference
    _signal_finish                            - Undefined Weak Reference
    _signal_init                              - Undefined Weak Reference
    _terminate_alloc                          - Undefined Weak Reference
    _terminate_user_alloc                     - Undefined Weak Reference
    _terminateio                              - Undefined Weak Reference
    __Vectors_Size                           0x000000ec   Number         0  startup_stm32f103xb.o ABSOLUTE
    __Vectors                                0x08000000   Data           4  startup_stm32f103xb.o(RESET)
    __Vectors_End                            0x080000ec   Data           0  startup_stm32f103xb.o(RESET)
    __main                                   0x080000ed   Thumb Code     8  __main.o(!!!main)
    __scatterload                            0x080000f5   Thumb Code     0  __scatter.o(!!!scatter)
    __scatterload_rt2                        0x080000f5   Thumb Code    84  __scatter.o(!!!scatter)
    __scatterload_rt2_thumb_only             0x080000f5   Thumb Code     0  __scatter.o(!!!scatter)
    __scatterload_loop                       0x080000ff   Thumb Code     0  __scatter.o(!!!scatter)
    __scatterload_copy                       0x08000151   Thumb Code    26  __scatter_copy.o(!!handler_copy)
    __scatterload_null                       0x0800016d   Thumb Code     2  __scatter.o(!!handler_null)
    __scatterload_zeroinit                   0x08000171   Thumb Code    28  __scatter_zi.o(!!handler_zi)
    __rt_lib_init                            0x0800018d   Thumb Code     0  libinit.o(.ARM.Collect$$libinit$$00000000)
    __rt_lib_init_alloca_1                   0x0800018f   Thumb Code     0  libinit2.o(.ARM.Collect$$libinit$$00000030)
    __rt_lib_init_argv_1                     0x0800018f   Thumb Code     0  libinit2.o(.ARM.Collect$$libinit$$0000002E)
    __rt_lib_init_atexit_1                   0x0800018f   Thumb Code     0  libinit2.o(.ARM.Collect$$libinit$$0000001D)
    __rt_lib_init_clock_1                    0x0800018f   Thumb Code     0  libinit2.o(.ARM.Collect$$libinit$$00000023)
    __rt_lib_init_cpp_1                      0x0800018f   Thumb Code     0  libinit2.o(.ARM.Collect$$libinit$$00000034)
    __rt_lib_init_exceptions_1               0x0800018f   Thumb Code     0  libinit2.o(.ARM.Collect$$libinit$$00000032)
    __rt_lib_init_fp_1                       0x0800018f   Thumb Code     0  libinit2.o(.ARM.Collect$$libinit$$00000002)
    __rt_lib_init_fp_trap_1                  0x0800018f   Thumb Code     0  libinit2.o(.ARM.Collect$$libinit$$00000021)
    __rt_lib_init_getenv_1                   0x0800018f   Thumb Code     0  libinit2.o(.ARM.Collect$$libinit$$00000025)
    __rt_lib_init_heap_1                     0x0800018f   Thumb Code     0  libinit2.o(.ARM.Collect$$libinit$$0000000C)
    __rt_lib_init_lc_collate_1               0x0800018f   Thumb Code     0  libinit2.o(.ARM.Collect$$libinit$$00000013)
    __rt_lib_init_lc_ctype_1                 0x0800018f   Thumb Code     0  libinit2.o(.ARM.Collect$$libinit$$00000015)
    __rt_lib_init_lc_monetary_1              0x0800018f   Thumb Code     0  libinit2.o(.ARM.Collect$$libinit$$00000017)
    __rt_lib_init_lc_numeric_1               0x0800018f   Thumb Code     0  libinit2.o(.ARM.Collect$$libinit$$00000019)
    __rt_lib_init_lc_time_1                  0x0800018f   Thumb Code     0  libinit2.o(.ARM.Collect$$libinit$$0000001B)
    __rt_lib_init_preinit_1                  0x0800018f   Thumb Code     0  libinit2.o(.ARM.Collect$$libinit$$00000006)
    __rt_lib_init_rand_1                     0x0800018f   Thumb Code     0  libinit2.o(.ARM.Collect$$libinit$$00000010)
    __rt_lib_init_relocate_pie_1             0x0800018f   Thumb Code     0  libinit2.o(.ARM.Collect$$libinit$$00000004)
    __rt_lib_init_return                     0x0800018f   Thumb Code     0  libinit2.o(.ARM.Collect$$libinit$$00000035)
    __rt_lib_init_signal_1                   0x0800018f   Thumb Code     0  libinit2.o(.ARM.Collect$$libinit$$0000001F)
    __rt_lib_init_stdio_1                    0x0800018f   Thumb Code     0  libinit2.o(.ARM.Collect$$libinit$$00000027)
    __rt_lib_init_user_alloc_1               0x0800018f   Thumb Code     0  libinit2.o(.ARM.Collect$$libinit$$0000000E)
    __rt_lib_shutdown                        0x08000191   Thumb Code     0  libshutdown.o(.ARM.Collect$$libshutdown$$00000000)
    __rt_lib_shutdown_cpp_1                  0x08000193   Thumb Code     0  libshutdown2.o(.ARM.Collect$$libshutdown$$00000002)
    __rt_lib_shutdown_fp_trap_1              0x08000193   Thumb Code     0  libshutdown2.o(.ARM.Collect$$libshutdown$$00000007)
    __rt_lib_shutdown_heap_1                 0x08000193   Thumb Code     0  libshutdown2.o(.ARM.Collect$$libshutdown$$0000000F)
    __rt_lib_shutdown_return                 0x08000193   Thumb Code     0  libshutdown2.o(.ARM.Collect$$libshutdown$$00000010)
    __rt_lib_shutdown_signal_1               0x08000193   Thumb Code     0  libshutdown2.o(.ARM.Collect$$libshutdown$$0000000A)
    __rt_lib_shutdown_stdio_1                0x08000193   Thumb Code     0  libshutdown2.o(.ARM.Collect$$libshutdown$$00000004)
    __rt_lib_shutdown_user_alloc_1           0x08000193   Thumb Code     0  libshutdown2.o(.ARM.Collect$$libshutdown$$0000000C)
    __rt_entry                               0x08000195   Thumb Code     0  __rtentry.o(.ARM.Collect$$rtentry$$00000000)
    __rt_entry_presh_1                       0x08000195   Thumb Code     0  __rtentry2.o(.ARM.Collect$$rtentry$$00000002)
    __rt_entry_sh                            0x08000195   Thumb Code     0  __rtentry4.o(.ARM.Collect$$rtentry$$00000004)
    __rt_entry_li                            0x0800019b   Thumb Code     0  __rtentry2.o(.ARM.Collect$$rtentry$$0000000A)
    __rt_entry_postsh_1                      0x0800019b   Thumb Code     0  __rtentry2.o(.ARM.Collect$$rtentry$$00000009)
    __rt_entry_main                          0x0800019f   Thumb Code     0  __rtentry2.o(.ARM.Collect$$rtentry$$0000000D)
    __rt_entry_postli_1                      0x0800019f   Thumb Code     0  __rtentry2.o(.ARM.Collect$$rtentry$$0000000C)
    __rt_exit                                0x080001a7   Thumb Code     0  rtexit.o(.ARM.Collect$$rtexit$$00000000)
    __rt_exit_ls                             0x080001a9   Thumb Code     0  rtexit2.o(.ARM.Collect$$rtexit$$00000003)
    __rt_exit_prels_1                        0x080001a9   Thumb Code     0  rtexit2.o(.ARM.Collect$$rtexit$$00000002)
    __rt_exit_exit                           0x080001ad   Thumb Code     0  rtexit2.o(.ARM.Collect$$rtexit$$00000004)
    Reset_Handler                            0x080001b5   Thumb Code     8  startup_stm32f103xb.o(.text)
    ADC1_2_IRQHandler                        0x080001cf   Thumb Code     0  startup_stm32f103xb.o(.text)
    CAN1_RX1_IRQHandler                      0x080001cf   Thumb Code     0  startup_stm32f103xb.o(.text)
    CAN1_SCE_IRQHandler                      0x080001cf   Thumb Code     0  startup_stm32f103xb.o(.text)
    DMA1_Channel1_IRQHandler                 0x080001cf   Thumb Code     0  startup_stm32f103xb.o(.text)
    DMA1_Channel2_IRQHandler                 0x080001cf   Thumb Code     0  startup_stm32f103xb.o(.text)
    DMA1_Channel4_IRQHandler                 0x080001cf   Thumb Code     0  startup_stm32f103xb.o(.text)
    DMA1_Channel5_IRQHandler                 0x080001cf   Thumb Code     0  startup_stm32f103xb.o(.text)
    DMA1_Channel6_IRQHandler                 0x080001cf   Thumb Code     0  startup_stm32f103xb.o(.text)
    DMA1_Channel7_IRQHandler                 0x080001cf   Thumb Code     0  startup_stm32f103xb.o(.text)
    EXTI0_IRQHandler                         0x080001cf   Thumb Code     0  startup_stm32f103xb.o(.text)
    EXTI15_10_IRQHandler                     0x080001cf   Thumb Code     0  startup_stm32f103xb.o(.text)
    EXTI1_IRQHandler                         0x080001cf   Thumb Code     0  startup_stm32f103xb.o(.text)
    EXTI2_IRQHandler                         0x080001cf   Thumb Code     0  startup_stm32f103xb.o(.text)
    EXTI3_IRQHandler                         0x080001cf   Thumb Code     0  startup_stm32f103xb.o(.text)
    EXTI4_IRQHandler                         0x080001cf   Thumb Code     0  startup_stm32f103xb.o(.text)
    EXTI9_5_IRQHandler                       0x080001cf   Thumb Code     0  startup_stm32f103xb.o(.text)
    FLASH_IRQHandler                         0x080001cf   Thumb Code     0  startup_stm32f103xb.o(.text)
    I2C1_ER_IRQHandler                       0x080001cf   Thumb Code     0  startup_stm32f103xb.o(.text)
    I2C1_EV_IRQHandler                       0x080001cf   Thumb Code     0  startup_stm32f103xb.o(.text)
    I2C2_ER_IRQHandler                       0x080001cf   Thumb Code     0  startup_stm32f103xb.o(.text)
    I2C2_EV_IRQHandler                       0x080001cf   Thumb Code     0  startup_stm32f103xb.o(.text)
    PVD_IRQHandler                           0x080001cf   Thumb Code     0  startup_stm32f103xb.o(.text)
    RCC_IRQHandler                           0x080001cf   Thumb Code     0  startup_stm32f103xb.o(.text)
    RTC_Alarm_IRQHandler                     0x080001cf   Thumb Code     0  startup_stm32f103xb.o(.text)
    RTC_IRQHandler                           0x080001cf   Thumb Code     0  startup_stm32f103xb.o(.text)
    SPI1_IRQHandler                          0x080001cf   Thumb Code     0  startup_stm32f103xb.o(.text)
    SPI2_IRQHandler                          0x080001cf   Thumb Code     0  startup_stm32f103xb.o(.text)
    TAMPER_IRQHandler                        0x080001cf   Thumb Code     0  startup_stm32f103xb.o(.text)
    TIM1_BRK_IRQHandler                      0x080001cf   Thumb Code     0  startup_stm32f103xb.o(.text)
    TIM1_CC_IRQHandler                       0x080001cf   Thumb Code     0  startup_stm32f103xb.o(.text)
    TIM1_TRG_COM_IRQHandler                  0x080001cf   Thumb Code     0  startup_stm32f103xb.o(.text)
    TIM1_UP_IRQHandler                       0x080001cf   Thumb Code     0  startup_stm32f103xb.o(.text)
    TIM2_IRQHandler                          0x080001cf   Thumb Code     0  startup_stm32f103xb.o(.text)
    TIM3_IRQHandler                          0x080001cf   Thumb Code     0  startup_stm32f103xb.o(.text)
    USART1_IRQHandler                        0x080001cf   Thumb Code     0  startup_stm32f103xb.o(.text)
    USART2_IRQHandler                        0x080001cf   Thumb Code     0  startup_stm32f103xb.o(.text)
    USART3_IRQHandler                        0x080001cf   Thumb Code     0  startup_stm32f103xb.o(.text)
    USBWakeUp_IRQHandler                     0x080001cf   Thumb Code     0  startup_stm32f103xb.o(.text)
    USB_HP_CAN1_TX_IRQHandler                0x080001cf   Thumb Code     0  startup_stm32f103xb.o(.text)
    USB_LP_CAN1_RX0_IRQHandler               0x080001cf   Thumb Code     0  startup_stm32f103xb.o(.text)
    WWDG_IRQHandler                          0x080001cf   Thumb Code     0  startup_stm32f103xb.o(.text)
    __user_initial_stackheap                 0x080001d1   Thumb Code     0  startup_stm32f103xb.o(.text)
    __aeabi_memcpy                           0x080001f5   Thumb Code     0  rt_memcpy_v6.o(.text)
    __rt_memcpy                              0x080001f5   Thumb Code   138  rt_memcpy_v6.o(.text)
    _memcpy_lastbytes                        0x0800025b   Thumb Code     0  rt_memcpy_v6.o(.text)
    __aeabi_memset4                          0x0800027f   Thumb Code    16  aeabi_memset4.o(.text)
    __aeabi_memset8                          0x0800027f   Thumb Code     0  aeabi_memset4.o(.text)
    __aeabi_memclr4                          0x0800028f   Thumb Code     0  rt_memclr_w.o(.text)
    __aeabi_memclr8                          0x0800028f   Thumb Code     0  rt_memclr_w.o(.text)
    __rt_memclr_w                            0x0800028f   Thumb Code     0  rt_memclr_w.o(.text)
    _memset_w                                0x08000293   Thumb Code    74  rt_memclr_w.o(.text)
    __use_two_region_memory                  0x080002dd   Thumb Code     2  heapauxi.o(.text)
    __rt_heap_escrow$2region                 0x080002df   Thumb Code     2  heapauxi.o(.text)
    __rt_heap_expand$2region                 0x080002e1   Thumb Code     2  heapauxi.o(.text)
    __aeabi_memcpy4                          0x080002e3   Thumb Code     0  rt_memcpy_w.o(.text)
    __aeabi_memcpy8                          0x080002e3   Thumb Code     0  rt_memcpy_w.o(.text)
    __rt_memcpy_w                            0x080002e3   Thumb Code   100  rt_memcpy_w.o(.text)
    _memcpy_lastbytes_aligned                0x0800032b   Thumb Code     0  rt_memcpy_w.o(.text)
    __user_setup_stackheap                   0x08000347   Thumb Code    74  sys_stackheap_outer.o(.text)
    exit                                     0x08000391   Thumb Code    18  exit.o(.text)
    __user_libspace                          0x080003a5   Thumb Code     8  libspace.o(.text)
    __user_perproc_libspace                  0x080003a5   Thumb Code     0  libspace.o(.text)
    __user_perthread_libspace                0x080003a5   Thumb Code     0  libspace.o(.text)
    _sys_exit                                0x080003ad   Thumb Code     8  sys_exit.o(.text)
    __I$use$semihosting                      0x080003b9   Thumb Code     0  use_no_semi.o(.text)
    __use_no_semihosting_swi                 0x080003b9   Thumb Code     2  use_no_semi.o(.text)
    __semihosting_library_function           0x080003bb   Thumb Code     0  indicate_semi.o(.text)
    BusFault_Handler                         0x080003bd   Thumb Code     2  stm32f1xx_it.o(.text.BusFault_Handler)
    DMA1_Channel3_IRQHandler                 0x080003c1   Thumb Code    12  stm32f1xx_it.o(.text.DMA1_Channel3_IRQHandler)
    DebugMon_Handler                         0x080003cd   Thumb Code     2  stm32f1xx_it.o(.text.DebugMon_Handler)
    Error_Handler                            0x080003d1   Thumb Code    10  main.o(.text.Error_Handler)
    HAL_DMA_IRQHandler                       0x080003dd   Thumb Code   416  stm32f1xx_hal_dma.o(.text.HAL_DMA_IRQHandler)
    HAL_DMA_Init                             0x0800057d   Thumb Code   132  stm32f1xx_hal_dma.o(.text.HAL_DMA_Init)
    HAL_DMA_Start_IT                         0x08000601   Thumb Code   160  stm32f1xx_hal_dma.o(.text.HAL_DMA_Start_IT)
    HAL_Delay                                0x080006a1   Thumb Code    40  stm32f1xx_hal.o(.text.HAL_Delay)
    HAL_GPIO_Init                            0x080006c9   Thumb Code   526  stm32f1xx_hal_gpio.o(.text.HAL_GPIO_Init)
    HAL_GPIO_WritePin                        0x080008d9   Thumb Code    10  stm32f1xx_hal_gpio.o(.text.HAL_GPIO_WritePin)
    HAL_GetTick                              0x080008e5   Thumb Code    12  stm32f1xx_hal.o(.text.HAL_GetTick)
    HAL_IncTick                              0x080008f1   Thumb Code    26  stm32f1xx_hal.o(.text.HAL_IncTick)
    HAL_Init                                 0x0800090d   Thumb Code    38  stm32f1xx_hal.o(.text.HAL_Init)
    HAL_InitTick                             0x08000935   Thumb Code   178  stm32f1xx_hal_timebase_tim.o(.text.HAL_InitTick)
    HAL_MspInit                              0x080009e9   Thumb Code    80  stm32f1xx_hal_msp.o(.text.HAL_MspInit)
    HAL_NVIC_EnableIRQ                       0x08000a39   Thumb Code    34  stm32f1xx_hal_cortex.o(.text.HAL_NVIC_EnableIRQ)
    HAL_NVIC_SetPriority                     0x08000a5d   Thumb Code    86  stm32f1xx_hal_cortex.o(.text.HAL_NVIC_SetPriority)
    HAL_NVIC_SetPriorityGrouping             0x08000ab5   Thumb Code    32  stm32f1xx_hal_cortex.o(.text.HAL_NVIC_SetPriorityGrouping)
    HAL_RCC_ClockConfig                      0x08000ad5   Thumb Code   442  stm32f1xx_hal_rcc.o(.text.HAL_RCC_ClockConfig)
    HAL_RCC_GetClockConfig                   0x08000c91   Thumb Code    66  stm32f1xx_hal_rcc.o(.text.HAL_RCC_GetClockConfig)
    HAL_RCC_GetPCLK1Freq                     0x08000cd5   Thumb Code    38  stm32f1xx_hal_rcc.o(.text.HAL_RCC_GetPCLK1Freq)
    HAL_RCC_OscConfig                        0x08000cfd   Thumb Code  1024  stm32f1xx_hal_rcc.o(.text.HAL_RCC_OscConfig)
    HAL_SPI_ErrorCallback                    0x080010fd   Thumb Code     2  stm32f1xx_hal_spi.o(.text.HAL_SPI_ErrorCallback)
    HAL_SPI_Init                             0x08001101   Thumb Code   168  stm32f1xx_hal_spi.o(.text.HAL_SPI_Init)
    HAL_SPI_MspInit                          0x080011a9   Thumb Code   178  spi.o(.text.HAL_SPI_MspInit)
    HAL_SPI_Transmit                         0x0800125d   Thumb Code   506  stm32f1xx_hal_spi.o(.text.HAL_SPI_Transmit)
    HAL_SPI_Transmit_DMA                     0x08001459   Thumb Code   222  stm32f1xx_hal_spi.o(.text.HAL_SPI_Transmit_DMA)
    HAL_SPI_TxCpltCallback                   0x08001539   Thumb Code    18  stm32f1xx_it.o(.text.HAL_SPI_TxCpltCallback)
    HAL_SPI_TxHalfCpltCallback               0x0800154d   Thumb Code     2  stm32f1xx_hal_spi.o(.text.HAL_SPI_TxHalfCpltCallback)
    HAL_TIMEx_BreakCallback                  0x08001551   Thumb Code     2  stm32f1xx_hal_tim_ex.o(.text.HAL_TIMEx_BreakCallback)
    HAL_TIMEx_CommutCallback                 0x08001555   Thumb Code     2  stm32f1xx_hal_tim_ex.o(.text.HAL_TIMEx_CommutCallback)
    HAL_TIMEx_ConfigBreakDeadTime            0x08001559   Thumb Code    76  stm32f1xx_hal_tim_ex.o(.text.HAL_TIMEx_ConfigBreakDeadTime)
    HAL_TIMEx_MasterConfigSynchronization    0x080015a5   Thumb Code   126  stm32f1xx_hal_tim_ex.o(.text.HAL_TIMEx_MasterConfigSynchronization)
    HAL_TIM_Base_Init                        0x08001625   Thumb Code   250  stm32f1xx_hal_tim.o(.text.HAL_TIM_Base_Init)
    HAL_TIM_Base_MspInit                     0x08001721   Thumb Code    48  tim.o(.text.HAL_TIM_Base_MspInit)
    HAL_TIM_Base_Start_IT                    0x08001751   Thumb Code   110  stm32f1xx_hal_tim.o(.text.HAL_TIM_Base_Start_IT)
    HAL_TIM_ConfigClockSource                0x080017c1   Thumb Code   416  stm32f1xx_hal_tim.o(.text.HAL_TIM_ConfigClockSource)
    HAL_TIM_Encoder_Init                     0x08001961   Thumb Code   346  stm32f1xx_hal_tim.o(.text.HAL_TIM_Encoder_Init)
    HAL_TIM_Encoder_MspInit                  0x08001abd   Thumb Code    98  tim.o(.text.HAL_TIM_Encoder_MspInit)
    HAL_TIM_IC_CaptureCallback               0x08001b21   Thumb Code     2  stm32f1xx_hal_tim.o(.text.HAL_TIM_IC_CaptureCallback)
    HAL_TIM_IRQHandler                       0x08001b25   Thumb Code   334  stm32f1xx_hal_tim.o(.text.HAL_TIM_IRQHandler)
    HAL_TIM_OC_DelayElapsedCallback          0x08001c75   Thumb Code     2  stm32f1xx_hal_tim.o(.text.HAL_TIM_OC_DelayElapsedCallback)
    HAL_TIM_PWM_ConfigChannel                0x08001c79   Thumb Code   516  stm32f1xx_hal_tim.o(.text.HAL_TIM_PWM_ConfigChannel)
    HAL_TIM_PWM_Init                         0x08001e7d   Thumb Code   250  stm32f1xx_hal_tim.o(.text.HAL_TIM_PWM_Init)
    HAL_TIM_PWM_MspInit                      0x08001f79   Thumb Code     2  stm32f1xx_hal_tim.o(.text.HAL_TIM_PWM_MspInit)
    HAL_TIM_PWM_PulseFinishedCallback        0x08001f7d   Thumb Code     2  stm32f1xx_hal_tim.o(.text.HAL_TIM_PWM_PulseFinishedCallback)
    HAL_TIM_PeriodElapsedCallback            0x08001f81   Thumb Code    20  main.o(.text.HAL_TIM_PeriodElapsedCallback)
    HAL_TIM_TriggerCallback                  0x08001f95   Thumb Code     2  stm32f1xx_hal_tim.o(.text.HAL_TIM_TriggerCallback)
    HardFault_Handler                        0x08001f99   Thumb Code     2  stm32f1xx_it.o(.text.HardFault_Handler)
    MX_DMA_Init                              0x08001f9d   Thumb Code    52  dma.o(.text.MX_DMA_Init)
    MX_FREERTOS_Init                         0x08001fd1   Thumb Code    60  freertos.o(.text.MX_FREERTOS_Init)
    MX_GPIO_Init                             0x0800200d   Thumb Code   202  gpio.o(.text.MX_GPIO_Init)
    MX_SPI1_Init                             0x080020d9   Thumb Code    76  spi.o(.text.MX_SPI1_Init)
    MX_TIM1_Init                             0x08002125   Thumb Code   326  tim.o(.text.MX_TIM1_Init)
    MX_TIM3_Init                             0x0800226d   Thumb Code   102  tim.o(.text.MX_TIM3_Init)
    MemManage_Handler                        0x080022d5   Thumb Code     2  stm32f1xx_it.o(.text.MemManage_Handler)
    NMI_Handler                              0x080022d9   Thumb Code     2  stm32f1xx_it.o(.text.NMI_Handler)
    OLED_Clear                               0x080022dd   Thumb Code    20  oled.o(.text.OLED_Clear)
    OLED_Init                                0x080022f1   Thumb Code  1604  oled.o(.text.OLED_Init)
    OLED_ShowImage                           0x08002935   Thumb Code  1252  oled.o(.text.OLED_ShowImage)
    OLED_ShowString                          0x08002e19   Thumb Code   120  oled.o(.text.OLED_ShowString)
    OLED_update                              0x08002e91   Thumb Code   260  oled.o(.text.OLED_update)
    PendSV_Handler                           0x08002fa1   Thumb Code    68  port.o(.text.PendSV_Handler)
    SVC_Handler                              0x080031c1   Thumb Code    36  port.o(.text.SVC_Handler)
    StartDefaultTask                         0x080031e5   Thumb Code    24  freertos.o(.text.StartDefaultTask)
    SysTick_Handler                          0x08003205   Thumb Code    30  cmsis_os2.o(.text.SysTick_Handler)
    SystemInit                               0x08003225   Thumb Code     2  system_stm32f1xx.o(.text.SystemInit)
    TIM4_IRQHandler                          0x08003229   Thumb Code    12  stm32f1xx_it.o(.text.TIM4_IRQHandler)
    UsageFault_Handler                       0x08003235   Thumb Code     2  stm32f1xx_it.o(.text.UsageFault_Handler)
    main                                     0x08003239   Thumb Code   138  main.o(.text.main)
    osDelay                                  0x080032c5   Thumb Code    32  cmsis_os2.o(.text.osDelay)
    osDelayUntil                             0x080032e5   Thumb Code    52  cmsis_os2.o(.text.osDelayUntil)
    osKernelGetTickCount                     0x08003319   Thumb Code    16  cmsis_os2.o(.text.osKernelGetTickCount)
    osKernelInitialize                       0x08003329   Thumb Code    40  cmsis_os2.o(.text.osKernelInitialize)
    osKernelStart                            0x08003351   Thumb Code    60  cmsis_os2.o(.text.osKernelStart)
    osThreadNew                              0x0800338d   Thumb Code   148  cmsis_os2.o(.text.osThreadNew)
    pvPortMalloc                             0x08003c89   Thumb Code   494  heap_4.o(.text.pvPortMalloc)
    pxPortInitialiseStack                    0x08003e79   Thumb Code    32  port.o(.text.pxPortInitialiseStack)
    start_UITask                             0x08003e99   Thumb Code    18  ui.o(.text.start_UITask)
    uxListRemove                             0x08003ead   Thumb Code    34  list.o(.text.uxListRemove)
    vApplicationGetIdleTaskMemory            0x08003ed1   Thumb Code    26  cmsis_os2.o(.text.vApplicationGetIdleTaskMemory)
    vApplicationGetTimerTaskMemory           0x08003eed   Thumb Code    28  cmsis_os2.o(.text.vApplicationGetTimerTaskMemory)
    vListInitialise                          0x08003f09   Thumb Code    22  list.o(.text.vListInitialise)
    vListInitialiseItem                      0x08003f21   Thumb Code     6  list.o(.text.vListInitialiseItem)
    vListInsert                              0x08003f29   Thumb Code    98  list.o(.text.vListInsert)
    vListInsertEnd                           0x08003f8d   Thumb Code    26  list.o(.text.vListInsertEnd)
    vPortEnterCritical                       0x08003fa9   Thumb Code    70  port.o(.text.vPortEnterCritical)
    vPortExitCritical                        0x08003ff1   Thumb Code    46  port.o(.text.vPortExitCritical)
    vPortFree                                0x08004021   Thumb Code   212  heap_4.o(.text.vPortFree)
    vPortSetupTimerInterrupt                 0x080040f5   Thumb Code    52  port.o(.text.vPortSetupTimerInterrupt)
    vPortValidateInterruptPriority           0x08004129   Thumb Code    94  port.o(.text.vPortValidateInterruptPriority)
    vQueueAddToRegistry                      0x08004189   Thumb Code    88  queue.o(.text.vQueueAddToRegistry)
    vQueueWaitForMessageRestricted           0x080041e1   Thumb Code    82  queue.o(.text.vQueueWaitForMessageRestricted)
    vTaskDelay                               0x08004235   Thumb Code   128  tasks.o(.text.vTaskDelay)
    vTaskDelayUntil                          0x080042b5   Thumb Code   204  tasks.o(.text.vTaskDelayUntil)
    vTaskInternalSetTimeOutState             0x08004381   Thumb Code    18  tasks.o(.text.vTaskInternalSetTimeOutState)
    vTaskMissedYield                         0x08004395   Thumb Code    14  tasks.o(.text.vTaskMissedYield)
    vTaskPlaceOnEventList                    0x080043a5   Thumb Code   116  tasks.o(.text.vTaskPlaceOnEventList)
    vTaskPlaceOnEventListRestricted          0x08004419   Thumb Code   122  tasks.o(.text.vTaskPlaceOnEventListRestricted)
    vTaskStartScheduler                      0x08004495   Thumb Code   232  tasks.o(.text.vTaskStartScheduler)
    vTaskSuspendAll                          0x08004585   Thumb Code    16  tasks.o(.text.vTaskSuspendAll)
    vTaskSwitchContext                       0x08004595   Thumb Code   204  tasks.o(.text.vTaskSwitchContext)
    xPortStartScheduler                      0x08004661   Thumb Code   304  port.o(.text.xPortStartScheduler)
    xPortSysTickHandler                      0x08004791   Thumb Code    46  port.o(.text.xPortSysTickHandler)
    xQueueGenericCreateStatic                0x080047c1   Thumb Code   218  queue.o(.text.xQueueGenericCreateStatic)
    xQueueGenericSend                        0x0800489d   Thumb Code   704  queue.o(.text.xQueueGenericSend)
    xQueueReceive                            0x08004b5d   Thumb Code   574  queue.o(.text.xQueueReceive)
    xTaskCheckForTimeOut                     0x08004d9d   Thumb Code   154  tasks.o(.text.xTaskCheckForTimeOut)
    xTaskCreate                              0x08004e39   Thumb Code    96  tasks.o(.text.xTaskCreate)
    xTaskCreateStatic                        0x08004e99   Thumb Code   118  tasks.o(.text.xTaskCreateStatic)
    xTaskGetSchedulerState                   0x08004f11   Thumb Code    30  tasks.o(.text.xTaskGetSchedulerState)
    xTaskGetTickCount                        0x08004f31   Thumb Code    12  tasks.o(.text.xTaskGetTickCount)
    xTaskGetTickCountFromISR                 0x08004f3d   Thumb Code    18  tasks.o(.text.xTaskGetTickCountFromISR)
    xTaskIncrementTick                       0x08004f51   Thumb Code   260  tasks.o(.text.xTaskIncrementTick)
    xTaskPriorityDisinherit                  0x08005055   Thumb Code   142  tasks.o(.text.xTaskPriorityDisinherit)
    xTaskRemoveFromEventList                 0x080050e5   Thumb Code   114  tasks.o(.text.xTaskRemoveFromEventList)
    xTaskResumeAll                           0x08005159   Thumb Code   238  tasks.o(.text.xTaskResumeAll)
    xTimerCreateTimerTask                    0x08005249   Thumb Code   172  timers.o(.text.xTimerCreateTimerTask)
    AHBPrescTable                            0x080052fc   Data          16  system_stm32f1xx.o(.rodata.AHBPrescTable)
    APBPrescTable                            0x0800530c   Data           8  system_stm32f1xx.o(.rodata.APBPrescTable)
    OLED_F8X16                               0x08005316   Data        1520  oled.o(.rodata.OLED_F8X16)
    UI_Task_attributes                       0x08005908   Data          36  freertos.o(.rodata.UI_Task_attributes)
    defaultTask_attributes                   0x0800593c   Data          36  freertos.o(.rodata.defaultTask_attributes)
    Region$$Table$$Base                      0x0800597c   Number         0  anon$$obj.o(Region$$Table)
    Region$$Table$$Limit                     0x0800599c   Number         0  anon$$obj.o(Region$$Table)
    uwTickFreq                               0x20000000   Data           1  stm32f1xx_hal.o(.data..L_MergedGlobals)
    uwTickPrio                               0x20000004   Data           4  stm32f1xx_hal.o(.data..L_MergedGlobals)
    SystemCoreClock                          0x20000008   Data           4  system_stm32f1xx.o(.data.SystemCoreClock)
    __libspace_start                         0x20000010   Data          96  libspace.o(.bss)
    __temporary_stack_top$libspace           0x20000070   Data           0  libspace.o(.bss)
    defaultTaskHandle                        0x20000070   Data           4  freertos.o(.bss..L_MergedGlobals)
    UI_TaskHandle                            0x20000074   Data           4  freertos.o(.bss..L_MergedGlobals)
    pxCurrentTCB                             0x20000078   Data           4  tasks.o(.bss..L_MergedGlobals)
    GraphicMemory                            0x2000017c   Data        1024  oled.o(.bss.GraphicMemory)
    hdma_spi1_tx                             0x20000584   Data          68  spi.o(.bss.hdma_spi1_tx)
    hspi1                                    0x200005c8   Data          88  spi.o(.bss.hspi1)
    htim1                                    0x20000620   Data          72  tim.o(.bss.htim1)
    htim3                                    0x20000668   Data          72  tim.o(.bss.htim3)
    htim4                                    0x200006b0   Data          72  stm32f1xx_hal_timebase_tim.o(.bss.htim4)
    uwTick                                   0x20001848   Data           4  stm32f1xx_hal.o(.bss.uwTick)
    xQueueRegistry                           0x20001f04   Data          64  queue.o(.bss.xQueueRegistry)



==============================================================================

Memory Map of the image

  Image Entry point : 0x080000ed

  Load Region LR_IROM1 (Base: 0x08000000, Size: 0x000059b0, Max: 0x00010000, ABSOLUTE)

    Execution Region ER_IROM1 (Exec base: 0x08000000, Load base: 0x08000000, Size: 0x0000599c, Max: 0x00010000, ABSOLUTE)

    Exec Addr    Load Addr    Size         Type   Attr      Idx    E Section Name        Object

    0x08000000   0x08000000   0x000000ec   Data   RO            3    RESET               startup_stm32f103xb.o
    0x080000ec   0x080000ec   0x00000008   Code   RO         1566  * !!!main             c_w.l(__main.o)
    0x080000f4   0x080000f4   0x0000005c   Code   RO         1733    !!!scatter          c_w.l(__scatter.o)
    0x08000150   0x08000150   0x0000001a   Code   RO         1737    !!handler_copy      c_w.l(__scatter_copy.o)
    0x0800016a   0x0800016a   0x00000002   PAD
    0x0800016c   0x0800016c   0x00000002   Code   RO         1734    !!handler_null      c_w.l(__scatter.o)
    0x0800016e   0x0800016e   0x00000002   PAD
    0x08000170   0x08000170   0x0000001c   Code   RO         1739    !!handler_zi        c_w.l(__scatter_zi.o)
    0x0800018c   0x0800018c   0x00000002   Code   RO         1595    .ARM.Collect$$libinit$$00000000  c_w.l(libinit.o)
    0x0800018e   0x0800018e   0x00000000   Code   RO         1602    .ARM.Collect$$libinit$$00000002  c_w.l(libinit2.o)
    0x0800018e   0x0800018e   0x00000000   Code   RO         1604    .ARM.Collect$$libinit$$00000004  c_w.l(libinit2.o)
    0x0800018e   0x0800018e   0x00000000   Code   RO         1606    .ARM.Collect$$libinit$$00000006  c_w.l(libinit2.o)
    0x0800018e   0x0800018e   0x00000000   Code   RO         1609    .ARM.Collect$$libinit$$0000000C  c_w.l(libinit2.o)
    0x0800018e   0x0800018e   0x00000000   Code   RO         1611    .ARM.Collect$$libinit$$0000000E  c_w.l(libinit2.o)
    0x0800018e   0x0800018e   0x00000000   Code   RO         1613    .ARM.Collect$$libinit$$00000010  c_w.l(libinit2.o)
    0x0800018e   0x0800018e   0x00000000   Code   RO         1616    .ARM.Collect$$libinit$$00000013  c_w.l(libinit2.o)
    0x0800018e   0x0800018e   0x00000000   Code   RO         1618    .ARM.Collect$$libinit$$00000015  c_w.l(libinit2.o)
    0x0800018e   0x0800018e   0x00000000   Code   RO         1620    .ARM.Collect$$libinit$$00000017  c_w.l(libinit2.o)
    0x0800018e   0x0800018e   0x00000000   Code   RO         1622    .ARM.Collect$$libinit$$00000019  c_w.l(libinit2.o)
    0x0800018e   0x0800018e   0x00000000   Code   RO         1624    .ARM.Collect$$libinit$$0000001B  c_w.l(libinit2.o)
    0x0800018e   0x0800018e   0x00000000   Code   RO         1626    .ARM.Collect$$libinit$$0000001D  c_w.l(libinit2.o)
    0x0800018e   0x0800018e   0x00000000   Code   RO         1628    .ARM.Collect$$libinit$$0000001F  c_w.l(libinit2.o)
    0x0800018e   0x0800018e   0x00000000   Code   RO         1630    .ARM.Collect$$libinit$$00000021  c_w.l(libinit2.o)
    0x0800018e   0x0800018e   0x00000000   Code   RO         1632    .ARM.Collect$$libinit$$00000023  c_w.l(libinit2.o)
    0x0800018e   0x0800018e   0x00000000   Code   RO         1634    .ARM.Collect$$libinit$$00000025  c_w.l(libinit2.o)
    0x0800018e   0x0800018e   0x00000000   Code   RO         1636    .ARM.Collect$$libinit$$00000027  c_w.l(libinit2.o)
    0x0800018e   0x0800018e   0x00000000   Code   RO         1640    .ARM.Collect$$libinit$$0000002E  c_w.l(libinit2.o)
    0x0800018e   0x0800018e   0x00000000   Code   RO         1642    .ARM.Collect$$libinit$$00000030  c_w.l(libinit2.o)
    0x0800018e   0x0800018e   0x00000000   Code   RO         1644    .ARM.Collect$$libinit$$00000032  c_w.l(libinit2.o)
    0x0800018e   0x0800018e   0x00000000   Code   RO         1646    .ARM.Collect$$libinit$$00000034  c_w.l(libinit2.o)
    0x0800018e   0x0800018e   0x00000002   Code   RO         1647    .ARM.Collect$$libinit$$00000035  c_w.l(libinit2.o)
    0x08000190   0x08000190   0x00000002   Code   RO         1669    .ARM.Collect$$libshutdown$$00000000  c_w.l(libshutdown.o)
    0x08000192   0x08000192   0x00000000   Code   RO         1684    .ARM.Collect$$libshutdown$$00000002  c_w.l(libshutdown2.o)
    0x08000192   0x08000192   0x00000000   Code   RO         1686    .ARM.Collect$$libshutdown$$00000004  c_w.l(libshutdown2.o)
    0x08000192   0x08000192   0x00000000   Code   RO         1689    .ARM.Collect$$libshutdown$$00000007  c_w.l(libshutdown2.o)
    0x08000192   0x08000192   0x00000000   Code   RO         1692    .ARM.Collect$$libshutdown$$0000000A  c_w.l(libshutdown2.o)
    0x08000192   0x08000192   0x00000000   Code   RO         1694    .ARM.Collect$$libshutdown$$0000000C  c_w.l(libshutdown2.o)
    0x08000192   0x08000192   0x00000000   Code   RO         1697    .ARM.Collect$$libshutdown$$0000000F  c_w.l(libshutdown2.o)
    0x08000192   0x08000192   0x00000002   Code   RO         1698    .ARM.Collect$$libshutdown$$00000010  c_w.l(libshutdown2.o)
    0x08000194   0x08000194   0x00000000   Code   RO         1568    .ARM.Collect$$rtentry$$00000000  c_w.l(__rtentry.o)
    0x08000194   0x08000194   0x00000000   Code   RO         1572    .ARM.Collect$$rtentry$$00000002  c_w.l(__rtentry2.o)
    0x08000194   0x08000194   0x00000006   Code   RO         1584    .ARM.Collect$$rtentry$$00000004  c_w.l(__rtentry4.o)
    0x0800019a   0x0800019a   0x00000000   Code   RO         1574    .ARM.Collect$$rtentry$$00000009  c_w.l(__rtentry2.o)
    0x0800019a   0x0800019a   0x00000004   Code   RO         1575    .ARM.Collect$$rtentry$$0000000A  c_w.l(__rtentry2.o)
    0x0800019e   0x0800019e   0x00000000   Code   RO         1577    .ARM.Collect$$rtentry$$0000000C  c_w.l(__rtentry2.o)
    0x0800019e   0x0800019e   0x00000008   Code   RO         1578    .ARM.Collect$$rtentry$$0000000D  c_w.l(__rtentry2.o)
    0x080001a6   0x080001a6   0x00000002   Code   RO         1599    .ARM.Collect$$rtexit$$00000000  c_w.l(rtexit.o)
    0x080001a8   0x080001a8   0x00000000   Code   RO         1649    .ARM.Collect$$rtexit$$00000002  c_w.l(rtexit2.o)
    0x080001a8   0x080001a8   0x00000004   Code   RO         1650    .ARM.Collect$$rtexit$$00000003  c_w.l(rtexit2.o)
    0x080001ac   0x080001ac   0x00000006   Code   RO         1651    .ARM.Collect$$rtexit$$00000004  c_w.l(rtexit2.o)
    0x080001b2   0x080001b2   0x00000002   PAD
    0x080001b4   0x080001b4   0x00000040   Code   RO            4    .text               startup_stm32f103xb.o
    0x080001f4   0x080001f4   0x0000008a   Code   RO         1554    .text               c_w.l(rt_memcpy_v6.o)
    0x0800027e   0x0800027e   0x00000010   Code   RO         1558    .text               c_w.l(aeabi_memset4.o)
    0x0800028e   0x0800028e   0x0000004e   Code   RO         1562    .text               c_w.l(rt_memclr_w.o)
    0x080002dc   0x080002dc   0x00000006   Code   RO         1564    .text               c_w.l(heapauxi.o)
    0x080002e2   0x080002e2   0x00000064   Code   RO         1569    .text               c_w.l(rt_memcpy_w.o)
    0x08000346   0x08000346   0x0000004a   Code   RO         1586    .text               c_w.l(sys_stackheap_outer.o)
    0x08000390   0x08000390   0x00000012   Code   RO         1588    .text               c_w.l(exit.o)
    0x080003a2   0x080003a2   0x00000002   PAD
    0x080003a4   0x080003a4   0x00000008   Code   RO         1596    .text               c_w.l(libspace.o)
    0x080003ac   0x080003ac   0x0000000c   Code   RO         1659    .text               c_w.l(sys_exit.o)
    0x080003b8   0x080003b8   0x00000002   Code   RO         1674    .text               c_w.l(use_no_semi.o)
    0x080003ba   0x080003ba   0x00000000   Code   RO         1676    .text               c_w.l(indicate_semi.o)
    0x080003ba   0x080003ba   0x00000002   PAD
    0x080003bc   0x080003bc   0x00000002   Code   RO          116    .text.BusFault_Handler  stm32f1xx_it.o
    0x080003be   0x080003be   0x00000002   PAD
    0x080003c0   0x080003c0   0x0000000c   Code   RO          122    .text.DMA1_Channel3_IRQHandler  stm32f1xx_it.o
    0x080003cc   0x080003cc   0x00000002   Code   RO          120    .text.DebugMon_Handler  stm32f1xx_it.o
    0x080003ce   0x080003ce   0x00000002   PAD
    0x080003d0   0x080003d0   0x0000000a   Code   RO           24    .text.Error_Handler  main.o
    0x080003da   0x080003da   0x00000002   PAD
    0x080003dc   0x080003dc   0x000001a0   Code   RO          644    .text.HAL_DMA_IRQHandler  stm32f1xx_hal_dma.o
    0x0800057c   0x0800057c   0x00000084   Code   RO          630    .text.HAL_DMA_Init  stm32f1xx_hal_dma.o
    0x08000600   0x08000600   0x000000a0   Code   RO          636    .text.HAL_DMA_Start_IT  stm32f1xx_hal_dma.o
    0x080006a0   0x080006a0   0x00000028   Code   RO          514    .text.HAL_Delay     stm32f1xx_hal.o
    0x080006c8   0x080006c8   0x0000020e   Code   RO          606    .text.HAL_GPIO_Init  stm32f1xx_hal_gpio.o
    0x080008d6   0x080008d6   0x00000002   PAD
    0x080008d8   0x080008d8   0x0000000a   Code   RO          612    .text.HAL_GPIO_WritePin  stm32f1xx_hal_gpio.o
    0x080008e2   0x080008e2   0x00000002   PAD
    0x080008e4   0x080008e4   0x0000000c   Code   RO          506    .text.HAL_GetTick   stm32f1xx_hal.o
    0x080008f0   0x080008f0   0x0000001a   Code   RO          504    .text.HAL_IncTick   stm32f1xx_hal.o
    0x0800090a   0x0800090a   0x00000002   PAD
    0x0800090c   0x0800090c   0x00000026   Code   RO          494    .text.HAL_Init      stm32f1xx_hal.o
    0x08000932   0x08000932   0x00000002   PAD
    0x08000934   0x08000934   0x000000b2   Code   RO          146    .text.HAL_InitTick  stm32f1xx_hal_timebase_tim.o
    0x080009e6   0x080009e6   0x00000002   PAD
    0x080009e8   0x080009e8   0x00000050   Code   RO          136    .text.HAL_MspInit   stm32f1xx_hal_msp.o
    0x08000a38   0x08000a38   0x00000022   Code   RO          666    .text.HAL_NVIC_EnableIRQ  stm32f1xx_hal_cortex.o
    0x08000a5a   0x08000a5a   0x00000002   PAD
    0x08000a5c   0x08000a5c   0x00000056   Code   RO          664    .text.HAL_NVIC_SetPriority  stm32f1xx_hal_cortex.o
    0x08000ab2   0x08000ab2   0x00000002   PAD
    0x08000ab4   0x08000ab4   0x00000020   Code   RO          662    .text.HAL_NVIC_SetPriorityGrouping  stm32f1xx_hal_cortex.o
    0x08000ad4   0x08000ad4   0x000001ba   Code   RO          558    .text.HAL_RCC_ClockConfig  stm32f1xx_hal_rcc.o
    0x08000c8e   0x08000c8e   0x00000002   PAD
    0x08000c90   0x08000c90   0x00000042   Code   RO          576    .text.HAL_RCC_GetClockConfig  stm32f1xx_hal_rcc.o
    0x08000cd2   0x08000cd2   0x00000002   PAD
    0x08000cd4   0x08000cd4   0x00000026   Code   RO          570    .text.HAL_RCC_GetPCLK1Freq  stm32f1xx_hal_rcc.o
    0x08000cfa   0x08000cfa   0x00000002   PAD
    0x08000cfc   0x08000cfc   0x00000400   Code   RO          556    .text.HAL_RCC_OscConfig  stm32f1xx_hal_rcc.o
    0x080010fc   0x080010fc   0x00000002   Code   RO          907    .text.HAL_SPI_ErrorCallback  stm32f1xx_hal_spi.o
    0x080010fe   0x080010fe   0x00000002   PAD
    0x08001100   0x08001100   0x000000a8   Code   RO          827    .text.HAL_SPI_Init  stm32f1xx_hal_spi.o
    0x080011a8   0x080011a8   0x000000b2   Code   RO           72    .text.HAL_SPI_MspInit  spi.o
    0x0800125a   0x0800125a   0x00000002   PAD
    0x0800125c   0x0800125c   0x000001fa   Code   RO          835    .text.HAL_SPI_Transmit  stm32f1xx_hal_spi.o
    0x08001456   0x08001456   0x00000002   PAD
    0x08001458   0x08001458   0x000000de   Code   RO          863    .text.HAL_SPI_Transmit_DMA  stm32f1xx_hal_spi.o
    0x08001536   0x08001536   0x00000002   PAD
    0x08001538   0x08001538   0x00000012   Code   RO          126    .text.HAL_SPI_TxCpltCallback  stm32f1xx_it.o
    0x0800154a   0x0800154a   0x00000002   PAD
    0x0800154c   0x0800154c   0x00000002   Code   RO          915    .text.HAL_SPI_TxHalfCpltCallback  stm32f1xx_hal_spi.o
    0x0800154e   0x0800154e   0x00000002   PAD
    0x08001550   0x08001550   0x00000002   Code   RO          480    .text.HAL_TIMEx_BreakCallback  stm32f1xx_hal_tim_ex.o
    0x08001552   0x08001552   0x00000002   PAD
    0x08001554   0x08001554   0x00000002   Code   RO          476    .text.HAL_TIMEx_CommutCallback  stm32f1xx_hal_tim_ex.o
    0x08001556   0x08001556   0x00000002   PAD
    0x08001558   0x08001558   0x0000004c   Code   RO          472    .text.HAL_TIMEx_ConfigBreakDeadTime  stm32f1xx_hal_tim_ex.o
    0x080015a4   0x080015a4   0x0000007e   Code   RO          470    .text.HAL_TIMEx_MasterConfigSynchronization  stm32f1xx_hal_tim_ex.o
    0x08001622   0x08001622   0x00000002   PAD
    0x08001624   0x08001624   0x000000fa   Code   RO          175    .text.HAL_TIM_Base_Init  stm32f1xx_hal_tim.o
    0x0800171e   0x0800171e   0x00000002   PAD
    0x08001720   0x08001720   0x00000030   Code   RO           92    .text.HAL_TIM_Base_MspInit  tim.o
    0x08001750   0x08001750   0x0000006e   Code   RO          189    .text.HAL_TIM_Base_Start_IT  stm32f1xx_hal_tim.o
    0x080017be   0x080017be   0x00000002   PAD
    0x080017c0   0x080017c0   0x000001a0   Code   RO          355    .text.HAL_TIM_ConfigClockSource  stm32f1xx_hal_tim.o
    0x08001960   0x08001960   0x0000015a   Code   RO          289    .text.HAL_TIM_Encoder_Init  stm32f1xx_hal_tim.o
    0x08001aba   0x08001aba   0x00000002   PAD
    0x08001abc   0x08001abc   0x00000062   Code   RO           94    .text.HAL_TIM_Encoder_MspInit  tim.o
    0x08001b1e   0x08001b1e   0x00000002   PAD
    0x08001b20   0x08001b20   0x00000002   Code   RO          311    .text.HAL_TIM_IC_CaptureCallback  stm32f1xx_hal_tim.o
    0x08001b22   0x08001b22   0x00000002   PAD
    0x08001b24   0x08001b24   0x0000014e   Code   RO          309    .text.HAL_TIM_IRQHandler  stm32f1xx_hal_tim.o
    0x08001c72   0x08001c72   0x00000002   PAD
    0x08001c74   0x08001c74   0x00000002   Code   RO          313    .text.HAL_TIM_OC_DelayElapsedCallback  stm32f1xx_hal_tim.o
    0x08001c76   0x08001c76   0x00000002   PAD
    0x08001c78   0x08001c78   0x00000204   Code   RO          329    .text.HAL_TIM_PWM_ConfigChannel  stm32f1xx_hal_tim.o
    0x08001e7c   0x08001e7c   0x000000fa   Code   RO          229    .text.HAL_TIM_PWM_Init  stm32f1xx_hal_tim.o
    0x08001f76   0x08001f76   0x00000002   PAD
    0x08001f78   0x08001f78   0x00000002   Code   RO          231    .text.HAL_TIM_PWM_MspInit  stm32f1xx_hal_tim.o
    0x08001f7a   0x08001f7a   0x00000002   PAD
    0x08001f7c   0x08001f7c   0x00000002   Code   RO          315    .text.HAL_TIM_PWM_PulseFinishedCallback  stm32f1xx_hal_tim.o
    0x08001f7e   0x08001f7e   0x00000002   PAD
    0x08001f80   0x08001f80   0x00000014   Code   RO           26    .text.HAL_TIM_PeriodElapsedCallback  main.o
    0x08001f94   0x08001f94   0x00000002   Code   RO          319    .text.HAL_TIM_TriggerCallback  stm32f1xx_hal_tim.o
    0x08001f96   0x08001f96   0x00000002   PAD
    0x08001f98   0x08001f98   0x00000002   Code   RO          112    .text.HardFault_Handler  stm32f1xx_it.o
    0x08001f9a   0x08001f9a   0x00000002   PAD
    0x08001f9c   0x08001f9c   0x00000034   Code   RO           61    .text.MX_DMA_Init   dma.o
    0x08001fd0   0x08001fd0   0x0000003c   Code   RO           46    .text.MX_FREERTOS_Init  freertos.o
    0x0800200c   0x0800200c   0x000000ca   Code   RO           37    .text.MX_GPIO_Init  gpio.o
    0x080020d6   0x080020d6   0x00000002   PAD
    0x080020d8   0x080020d8   0x0000004c   Code   RO           70    .text.MX_SPI1_Init  spi.o
    0x08002124   0x08002124   0x00000146   Code   RO           86    .text.MX_TIM1_Init  tim.o
    0x0800226a   0x0800226a   0x00000002   PAD
    0x0800226c   0x0800226c   0x00000066   Code   RO           90    .text.MX_TIM3_Init  tim.o
    0x080022d2   0x080022d2   0x00000002   PAD
    0x080022d4   0x080022d4   0x00000002   Code   RO          114    .text.MemManage_Handler  stm32f1xx_it.o
    0x080022d6   0x080022d6   0x00000002   PAD
    0x080022d8   0x080022d8   0x00000002   Code   RO          110    .text.NMI_Handler   stm32f1xx_it.o
    0x080022da   0x080022da   0x00000002   PAD
    0x080022dc   0x080022dc   0x00000014   Code   RO         1530    .text.OLED_Clear    oled.o
    0x080022f0   0x080022f0   0x00000644   Code   RO         1528    .text.OLED_Init     oled.o
    0x08002934   0x08002934   0x000004e4   Code   RO         1536    .text.OLED_ShowImage  oled.o
    0x08002e18   0x08002e18   0x00000078   Code   RO         1540    .text.OLED_ShowString  oled.o
    0x08002e90   0x08002e90   0x00000104   Code   RO         1526    .text.OLED_update   oled.o
    0x08002f94   0x08002f94   0x0000000c   PAD
    0x08002fa0   0x08002fa0   0x00000044   Code   RO         1506    .text.PendSV_Handler  port.o
    0x08002fe4   0x08002fe4   0x0000001e   Code   RO          869    .text.SPI_DMAError  stm32f1xx_hal_spi.o
    0x08003002   0x08003002   0x00000002   PAD
    0x08003004   0x08003004   0x00000006   Code   RO          865    .text.SPI_DMAHalfTransmitCplt  stm32f1xx_hal_spi.o
    0x0800300a   0x0800300a   0x00000002   PAD
    0x0800300c   0x0800300c   0x00000094   Code   RO          867    .text.SPI_DMATransmitCplt  stm32f1xx_hal_spi.o
    0x080030a0   0x080030a0   0x00000120   Code   RO          931    .text.SPI_WaitFlagStateUntilTimeout  stm32f1xx_hal_spi.o
    0x080031c0   0x080031c0   0x00000024   Code   RO         1492    .text.SVC_Handler   port.o
    0x080031e4   0x080031e4   0x00000020   Code   RO           48    .text.StartDefaultTask  freertos.o
    0x08003204   0x08003204   0x0000001e   Code   RO         1303    .text.SysTick_Handler  cmsis_os2.o
    0x08003222   0x08003222   0x00000002   PAD
    0x08003224   0x08003224   0x00000002   Code   RO          941    .text.SystemInit    system_stm32f1xx.o
    0x08003226   0x08003226   0x00000002   PAD
    0x08003228   0x08003228   0x0000000c   Code   RO          124    .text.TIM4_IRQHandler  stm32f1xx_it.o
    0x08003234   0x08003234   0x00000002   Code   RO          118    .text.UsageFault_Handler  stm32f1xx_it.o
    0x08003236   0x08003236   0x00000002   PAD
    0x08003238   0x08003238   0x0000008a   Code   RO           20    .text.main          main.o
    0x080032c2   0x080032c2   0x00000002   PAD
    0x080032c4   0x080032c4   0x00000020   Code   RO         1363    .text.osDelay       cmsis_os2.o
    0x080032e4   0x080032e4   0x00000034   Code   RO         1365    .text.osDelayUntil  cmsis_os2.o
    0x08003318   0x08003318   0x00000010   Code   RO         1319    .text.osKernelGetTickCount  cmsis_os2.o
    0x08003328   0x08003328   0x00000028   Code   RO         1305    .text.osKernelInitialize  cmsis_os2.o
    0x08003350   0x08003350   0x0000003c   Code   RO         1311    .text.osKernelStart  cmsis_os2.o
    0x0800338c   0x0800338c   0x00000094   Code   RO         1327    .text.osThreadNew   cmsis_os2.o
    0x08003420   0x08003420   0x0000028a   Code   RO         1138    .text.prvAddNewTaskToReadyList  tasks.o
    0x080036aa   0x080036aa   0x00000002   PAD
    0x080036ac   0x080036ac   0x00000086   Code   RO         1170    .text.prvIdleTask   tasks.o
    0x08003732   0x08003732   0x00000002   PAD
    0x08003734   0x08003734   0x00000104   Code   RO         1136    .text.prvInitialiseNewTask  tasks.o
    0x08003838   0x08003838   0x00000020   Code   RO         1498    .text.prvPortStartFirstTask  port.o
    0x08003858   0x08003858   0x0000003e   Code   RO         1490    .text.prvTaskExitError  port.o
    0x08003896   0x08003896   0x00000002   PAD
    0x08003898   0x08003898   0x0000037a   Code   RO         1255    .text.prvTimerTask  timers.o
    0x08003c12   0x08003c12   0x00000002   PAD
    0x08003c14   0x08003c14   0x00000074   Code   RO         1037    .text.prvUnlockQueue  queue.o
    0x08003c88   0x08003c88   0x000001ee   Code   RO         1466    .text.pvPortMalloc  heap_4.o
    0x08003e76   0x08003e76   0x00000002   PAD
    0x08003e78   0x08003e78   0x00000020   Code   RO         1488    .text.pxPortInitialiseStack  port.o
    0x08003e98   0x08003e98   0x00000012   Code   RO           11    .text.start_UITask  ui.o
    0x08003eaa   0x08003eaa   0x00000002   PAD
    0x08003eac   0x08003eac   0x00000022   Code   RO         1001    .text.uxListRemove  list.o
    0x08003ece   0x08003ece   0x00000002   PAD
    0x08003ed0   0x08003ed0   0x0000001a   Code   RO         1449    .text.vApplicationGetIdleTaskMemory  cmsis_os2.o
    0x08003eea   0x08003eea   0x00000002   PAD
    0x08003eec   0x08003eec   0x0000001c   Code   RO         1451    .text.vApplicationGetTimerTaskMemory  cmsis_os2.o
    0x08003f08   0x08003f08   0x00000016   Code   RO          993    .text.vListInitialise  list.o
    0x08003f1e   0x08003f1e   0x00000002   PAD
    0x08003f20   0x08003f20   0x00000006   Code   RO          995    .text.vListInitialiseItem  list.o
    0x08003f26   0x08003f26   0x00000002   PAD
    0x08003f28   0x08003f28   0x00000062   Code   RO          999    .text.vListInsert   list.o
    0x08003f8a   0x08003f8a   0x00000002   PAD
    0x08003f8c   0x08003f8c   0x0000001a   Code   RO          997    .text.vListInsertEnd  list.o
    0x08003fa6   0x08003fa6   0x00000002   PAD
    0x08003fa8   0x08003fa8   0x00000046   Code   RO         1502    .text.vPortEnterCritical  port.o
    0x08003fee   0x08003fee   0x00000002   PAD
    0x08003ff0   0x08003ff0   0x0000002e   Code   RO         1504    .text.vPortExitCritical  port.o
    0x0800401e   0x0800401e   0x00000002   PAD
    0x08004020   0x08004020   0x000000d4   Code   RO         1468    .text.vPortFree     heap_4.o
    0x080040f4   0x080040f4   0x00000034   Code   RO         1496    .text.vPortSetupTimerInterrupt  port.o
    0x08004128   0x08004128   0x0000005e   Code   RO         1510    .text.vPortValidateInterruptPriority  port.o
    0x08004186   0x08004186   0x00000002   PAD
    0x08004188   0x08004188   0x00000058   Code   RO         1071    .text.vQueueAddToRegistry  queue.o
    0x080041e0   0x080041e0   0x00000052   Code   RO         1075    .text.vQueueWaitForMessageRestricted  queue.o
    0x08004232   0x08004232   0x00000002   PAD
    0x08004234   0x08004234   0x00000080   Code   RO         1150    .text.vTaskDelay    tasks.o
    0x080042b4   0x080042b4   0x000000cc   Code   RO         1144    .text.vTaskDelayUntil  tasks.o
    0x08004380   0x08004380   0x00000012   Code   RO         1200    .text.vTaskInternalSetTimeOutState  tasks.o
    0x08004392   0x08004392   0x00000002   PAD
    0x08004394   0x08004394   0x0000000e   Code   RO         1204    .text.vTaskMissedYield  tasks.o
    0x080043a2   0x080043a2   0x00000002   PAD
    0x080043a4   0x080043a4   0x00000074   Code   RO         1188    .text.vTaskPlaceOnEventList  tasks.o
    0x08004418   0x08004418   0x0000007a   Code   RO         1192    .text.vTaskPlaceOnEventListRestricted  tasks.o
    0x08004492   0x08004492   0x00000002   PAD
    0x08004494   0x08004494   0x000000f0   Code   RO         1168    .text.vTaskStartScheduler  tasks.o
    0x08004584   0x08004584   0x00000010   Code   RO         1146    .text.vTaskSuspendAll  tasks.o
    0x08004594   0x08004594   0x000000cc   Code   RO         1162    .text.vTaskSwitchContext  tasks.o
    0x08004660   0x08004660   0x00000130   Code   RO         1494    .text.xPortStartScheduler  port.o
    0x08004790   0x08004790   0x0000002e   Code   RO         1508    .text.xPortSysTickHandler  port.o
    0x080047be   0x080047be   0x00000002   PAD
    0x080047c0   0x080047c0   0x000000da   Code   RO         1013    .text.xQueueGenericCreateStatic  queue.o
    0x0800489a   0x0800489a   0x00000002   PAD
    0x0800489c   0x0800489c   0x000002c0   Code   RO         1027    .text.xQueueGenericSend  queue.o
    0x08004b5c   0x08004b5c   0x0000023e   Code   RO         1043    .text.xQueueReceive  queue.o
    0x08004d9a   0x08004d9a   0x00000002   PAD
    0x08004d9c   0x08004d9c   0x0000009a   Code   RO         1202    .text.xTaskCheckForTimeOut  tasks.o
    0x08004e36   0x08004e36   0x00000002   PAD
    0x08004e38   0x08004e38   0x00000060   Code   RO         1140    .text.xTaskCreate   tasks.o
    0x08004e98   0x08004e98   0x00000076   Code   RO         1134    .text.xTaskCreateStatic  tasks.o
    0x08004f0e   0x08004f0e   0x00000002   PAD
    0x08004f10   0x08004f10   0x0000001e   Code   RO         1216    .text.xTaskGetSchedulerState  tasks.o
    0x08004f2e   0x08004f2e   0x00000002   PAD
    0x08004f30   0x08004f30   0x0000000c   Code   RO         1176    .text.xTaskGetTickCount  tasks.o
    0x08004f3c   0x08004f3c   0x00000012   Code   RO         1178    .text.xTaskGetTickCountFromISR  tasks.o
    0x08004f4e   0x08004f4e   0x00000002   PAD
    0x08004f50   0x08004f50   0x00000104   Code   RO         1174    .text.xTaskIncrementTick  tasks.o
    0x08005054   0x08005054   0x0000008e   Code   RO         1220    .text.xTaskPriorityDisinherit  tasks.o
    0x080050e2   0x080050e2   0x00000002   PAD
    0x080050e4   0x080050e4   0x00000072   Code   RO         1194    .text.xTaskRemoveFromEventList  tasks.o
    0x08005156   0x08005156   0x00000002   PAD
    0x08005158   0x08005158   0x000000ee   Code   RO         1148    .text.xTaskResumeAll  tasks.o
    0x08005246   0x08005246   0x00000002   PAD
    0x08005248   0x08005248   0x000000b4   Code   RO         1253    .text.xTimerCreateTimerTask  timers.o
    0x080052fc   0x080052fc   0x00000010   Data   RO          946    .rodata.AHBPrescTable  system_stm32f1xx.o
    0x0800530c   0x0800530c   0x00000008   Data   RO          947    .rodata.APBPrescTable  system_stm32f1xx.o
    0x08005314   0x08005314   0x00000002   Data   RO          583    .rodata.HAL_RCC_GetSysClockFreq.aPredivFactorTable  stm32f1xx_hal_rcc.o
    0x08005316   0x08005316   0x000005f0   Data   RO         1542    .rodata.OLED_F8X16  oled.o
    0x08005906   0x08005906   0x00000002   PAD
    0x08005908   0x08005908   0x00000024   Data   RO           52    .rodata.UI_Task_attributes  freertos.o
    0x0800592c   0x0800592c   0x00000010   Data   RO          582    .rodata.cst16       stm32f1xx_hal_rcc.o
    0x0800593c   0x0800593c   0x00000024   Data   RO           51    .rodata.defaultTask_attributes  freertos.o
    0x08005960   0x08005960   0x00000014   Data   RO           50    .rodata.str1.1      freertos.o
    0x08005974   0x08005974   0x00000005   Data   RO         1293    .rodata.str1.1      timers.o
    0x08005979   0x08005979   0x00000003   PAD
    0x0800597c   0x0800597c   0x00000020   Data   RO         1732    Region$$Table       anon$$obj.o


    Execution Region RW_IRAM1 (Exec base: 0x20000000, Load base: 0x080059a0, Size: 0x00002548, Max: 0x00005000, ABSOLUTE)

    Exec Addr    Load Addr    Size         Type   Attr      Idx    E Section Name        Object

    0x20000000   0x080059a0   0x00000008   Data   RW          545    .data..L_MergedGlobals  stm32f1xx_hal.o
    0x20000008   0x080059a8   0x00000004   Data   RW          945    .data.SystemCoreClock  system_stm32f1xx.o
    0x2000000c   0x080059ac   0x00000004   Data   RW         1512    .data.uxCriticalNesting  port.o
    0x20000010        -       0x00000060   Zero   RW         1597    .bss                c_w.l(libspace.o)
    0x20000070        -       0x00000008   Zero   RW           53    .bss..L_MergedGlobals  freertos.o
    0x20000078        -       0x00000078   Zero   RW         1243    .bss..L_MergedGlobals  tasks.o
    0x200000f0        -       0x0000003c   Zero   RW         1294    .bss..L_MergedGlobals  timers.o
    0x2000012c        -       0x00000020   Zero   RW         1479    .bss..L_MergedGlobals  heap_4.o
    0x2000014c        -       0x00000008   Zero   RW         1513    .bss..L_MergedGlobals  port.o
    0x20000154        -       0x00000028   Zero   RW         1244    .bss..L_MergedGlobals.2  tasks.o
    0x2000017c        -       0x00000400   Zero   RW         1543    .bss.GraphicMemory  oled.o
    0x2000057c        -       0x00000004   Zero   RW         1453    .bss.KernelState    cmsis_os2.o
    0x20000580        -       0x00000001   Zero   RW         1544    .bss.OLED_update.page  oled.o
    0x20000581   0x080059b0   0x00000003   PAD
    0x20000584        -       0x00000044   Zero   RW           77    .bss.hdma_spi1_tx   spi.o
    0x200005c8        -       0x00000058   Zero   RW           76    .bss.hspi1          spi.o
    0x20000620        -       0x00000048   Zero   RW          100    .bss.htim1          tim.o
    0x20000668        -       0x00000048   Zero   RW          101    .bss.htim3          tim.o
    0x200006b0        -       0x00000048   Zero   RW          152    .bss.htim4          stm32f1xx_hal_timebase_tim.o
    0x200006f8        -       0x000000a0   Zero   RW         1292    .bss.prvCheckForValidListAndQueue.ucStaticTimerQueueStorage  timers.o
    0x20000798        -       0x00000050   Zero   RW         1291    .bss.prvCheckForValidListAndQueue.xStaticTimerQueue  timers.o
    0x200007e8        -       0x00000460   Zero   RW         1242    .bss.pxReadyTasksLists  tasks.o
    0x20000c48        -       0x00000c00   Zero   RW         1478    .bss.ucHeap         heap_4.o
    0x20001848        -       0x00000004   Zero   RW          544    .bss.uwTick         stm32f1xx_hal.o
    0x2000184c        -       0x00000200   Zero   RW         1455    .bss.vApplicationGetIdleTaskMemory.Idle_Stack  cmsis_os2.o
    0x20001a4c        -       0x0000005c   Zero   RW         1454    .bss.vApplicationGetIdleTaskMemory.Idle_TCB  cmsis_os2.o
    0x20001aa8        -       0x00000400   Zero   RW         1457    .bss.vApplicationGetTimerTaskMemory.Timer_Stack  cmsis_os2.o
    0x20001ea8        -       0x0000005c   Zero   RW         1456    .bss.vApplicationGetTimerTaskMemory.Timer_TCB  cmsis_os2.o
    0x20001f04        -       0x00000040   Zero   RW         1077    .bss.xQueueRegistry  queue.o
    0x20001f44   0x080059b0   0x00000004   PAD
    0x20001f48        -       0x00000200   Zero   RW            2    HEAP                startup_stm32f103xb.o
    0x20002148        -       0x00000400   Zero   RW            1    STACK               startup_stm32f103xb.o


==============================================================================

Image component sizes


      Code (inc. data)   RO Data    RW Data    ZI Data      Debug   Object Name

       432          0          0          0       1724      42207   cmsis_os2.o
        52          0          0          0          0       2176   dma.o
        92          8         92          0          8       2942   freertos.o
       202          0          0          0          0       1591   gpio.o
       706          0          0          0       3104       5752   heap_4.o
       186          0          0          0          0       2312   list.o
       168          0          0          0          0       6014   main.o
      3256          0       1520          0       1025       8663   oled.o
       842         12          0          4          8       4137   port.o
      1782          0          0          0         64      30052   queue.o
       254          0          0          0        156       4671   spi.o
        64         26        236          0       1536        800   startup_stm32f103xb.o
       116          0          0          8          4       5753   stm32f1xx_hal.o
       152          0          0          0          0       8407   stm32f1xx_hal_cortex.o
       708          0          0          0          0       8274   stm32f1xx_hal_dma.o
       536         22          0          0          0       4681   stm32f1xx_hal_gpio.o
        80          0          0          0          0       2377   stm32f1xx_hal_msp.o
      1570          0         18          0          0       7941   stm32f1xx_hal_rcc.o
      1372          0          0          0          0      23669   stm32f1xx_hal_spi.o
      2232          6          0          0          0      57660   stm32f1xx_hal_tim.o
       206          0          0          0          0      20902   stm32f1xx_hal_tim_ex.o
       178          0          0          0         72       5843   stm32f1xx_hal_timebase_tim.o
        54          0          0          0          0       5740   stm32f1xx_it.o
         2          0         24          4          0       1591   system_stm32f1xx.o
      3288          8          0          0       1280      43798   tasks.o
       574          0          0          0        144       7744   tim.o
      1070         18          5          0        300      16388   timers.o
        18          0          0          0          0        843   ui.o

    ----------------------------------------------------------------------
     20352        100       1932         16       9432     332928   Object Totals
         0          0         32          0          0          0   (incl. Generated)
       160          0          5          0          7          0   (incl. Padding)

    ----------------------------------------------------------------------

      Code (inc. data)   RO Data    RW Data    ZI Data      Debug   Library Member Name

         8          0          0          0          0         68   __main.o
         0          0          0          0          0          0   __rtentry.o
        12          0          0          0          0          0   __rtentry2.o
         6          0          0          0          0          0   __rtentry4.o
        94          8          0          0          0          0   __scatter.o
        26          0          0          0          0          0   __scatter_copy.o
        28          0          0          0          0          0   __scatter_zi.o
        16          0          0          0          0         68   aeabi_memset4.o
        18          0          0          0          0         80   exit.o
         6          0          0          0          0        152   heapauxi.o
         0          0          0          0          0          0   indicate_semi.o
         2          0          0          0          0          0   libinit.o
         2          0          0          0          0          0   libinit2.o
         2          0          0          0          0          0   libshutdown.o
         2          0          0          0          0          0   libshutdown2.o
         8          4          0          0         96         68   libspace.o
        78          0          0          0          0         80   rt_memclr_w.o
       138          0          0          0          0         68   rt_memcpy_v6.o
       100          0          0          0          0         80   rt_memcpy_w.o
         2          0          0          0          0          0   rtexit.o
        10          0          0          0          0          0   rtexit2.o
        12          4          0          0          0         68   sys_exit.o
        74          0          0          0          0         80   sys_stackheap_outer.o
         2          0          0          0          0         68   use_no_semi.o

    ----------------------------------------------------------------------
       656         16          0          0         96        880   Library Totals
        10          0          0          0          0          0   (incl. Padding)

    ----------------------------------------------------------------------

      Code (inc. data)   RO Data    RW Data    ZI Data      Debug   Library Name

       646         16          0          0         96        880   c_w.l

    ----------------------------------------------------------------------
       656         16          0          0         96        880   Library Totals

    ----------------------------------------------------------------------

==============================================================================


      Code (inc. data)   RO Data    RW Data    ZI Data      Debug   

     21008        116       1932         16       9528     333040   Grand Totals
     21008        116       1932         16       9528     333040   ELF Image Totals
     21008        116       1932         16          0          0   ROM Totals

==============================================================================

    Total RO  Size (Code + RO Data)                22940 (  22.40kB)
    Total RW  Size (RW Data + ZI Data)              9544 (   9.32kB)
    Total ROM Size (Code + RO Data + RW Data)      22956 (  22.42kB)

==============================================================================

